Archive member included to satisfy reference by file (symbol)

c:/siliconlabs/simplicitystudio/v5/developer/toolchains/gnu_arm/12.2.rel1_2023.7/bin/../lib/gcc/arm-none-eabi/12.2.1/thumb/v7e-m+fp/softfp\libgcc.a(_arm_muldf3.o)
                              ./wiseconnect3_sdk_3.5.2/components/device/silabs/si91x/mcu/drivers/unified_api/src/sl_si91x_bjt_temperature_sensor.o (__aeabi_dmul)
c:/siliconlabs/simplicitystudio/v5/developer/toolchains/gnu_arm/12.2.rel1_2023.7/bin/../lib/gcc/arm-none-eabi/12.2.1/thumb/v7e-m+fp/softfp\libgcc.a(_arm_addsubdf3.o)
                              ./wiseconnect3_sdk_3.5.2/components/device/silabs/si91x/mcu/drivers/peripheral_drivers/src/clock_update.o (__aeabi_dadd)
c:/siliconlabs/simplicitystudio/v5/developer/toolchains/gnu_arm/12.2.rel1_2023.7/bin/../lib/gcc/arm-none-eabi/12.2.1/thumb/v7e-m+fp/softfp\libgcc.a(_arm_muldivdf3.o)
                              ./wiseconnect3_sdk_3.5.2/components/device/silabs/si91x/mcu/drivers/peripheral_drivers/src/clock_update.o (__aeabi_ddiv)
c:/siliconlabs/simplicitystudio/v5/developer/toolchains/gnu_arm/12.2.rel1_2023.7/bin/../lib/gcc/arm-none-eabi/12.2.1/thumb/v7e-m+fp/softfp\libgcc.a(_arm_cmpdf2.o)
                              ./wiseconnect3_sdk_3.5.2/components/device/silabs/si91x/mcu/drivers/systemlevel/src/rsi_ipmu.o (__aeabi_dcmple)
c:/siliconlabs/simplicitystudio/v5/developer/toolchains/gnu_arm/12.2.rel1_2023.7/bin/../lib/gcc/arm-none-eabi/12.2.1/thumb/v7e-m+fp/softfp\libgcc.a(_arm_fixunsdfsi.o)
                              ./wiseconnect3_sdk_3.5.2/components/device/silabs/si91x/mcu/drivers/peripheral_drivers/src/clock_update.o (__aeabi_d2uiz)
c:/siliconlabs/simplicitystudio/v5/developer/toolchains/gnu_arm/12.2.rel1_2023.7/bin/../lib/gcc/arm-none-eabi/12.2.1/thumb/v7e-m+fp/softfp\libc_nano.a(libc_a-assert.o)
                              ./wiseconnect3_sdk_3.5.2/components/device/silabs/si91x/wireless/src/sl_rsi_utility.o (__assert_func)
c:/siliconlabs/simplicitystudio/v5/developer/toolchains/gnu_arm/12.2.rel1_2023.7/bin/../lib/gcc/arm-none-eabi/12.2.1/thumb/v7e-m+fp/softfp\libc_nano.a(libc_a-atoi.o)
                              ./wiseconnect3_sdk_3.5.2/components/service/sl_http_server/src/sl_http_server.o (atoi)
c:/siliconlabs/simplicitystudio/v5/developer/toolchains/gnu_arm/12.2.rel1_2023.7/bin/../lib/gcc/arm-none-eabi/12.2.1/thumb/v7e-m+fp/softfp\libc_nano.a(libc_a-calloc.o)
                              ./wiseconnect3_sdk_3.5.2/components/device/silabs/si91x/wireless/socket/src/sl_si91x_socket_utility.o (calloc)
c:/siliconlabs/simplicitystudio/v5/developer/toolchains/gnu_arm/12.2.rel1_2023.7/bin/../lib/gcc/arm-none-eabi/12.2.1/thumb/v7e-m+fp/softfp\libc_nano.a(libc_a-callocr.o)
                              c:/siliconlabs/simplicitystudio/v5/developer/toolchains/gnu_arm/12.2.rel1_2023.7/bin/../lib/gcc/arm-none-eabi/12.2.1/thumb/v7e-m+fp/softfp\libc_nano.a(libc_a-calloc.o) (_calloc_r)
c:/siliconlabs/simplicitystudio/v5/developer/toolchains/gnu_arm/12.2.rel1_2023.7/bin/../lib/gcc/arm-none-eabi/12.2.1/thumb/v7e-m+fp/softfp\libc_nano.a(libc_a-exit.o)
                              c:/siliconlabs/simplicitystudio/v5/developer/toolchains/gnu_arm/12.2.rel1_2023.7/bin/../lib/gcc/arm-none-eabi/12.2.1/thumb/v7e-m+fp/softfp/crt0.o (exit)
c:/siliconlabs/simplicitystudio/v5/developer/toolchains/gnu_arm/12.2.rel1_2023.7/bin/../lib/gcc/arm-none-eabi/12.2.1/thumb/v7e-m+fp/softfp\libc_nano.a(libc_a-malloc.o)
                              ./app.o (malloc)
c:/siliconlabs/simplicitystudio/v5/developer/toolchains/gnu_arm/12.2.rel1_2023.7/bin/../lib/gcc/arm-none-eabi/12.2.1/thumb/v7e-m+fp/softfp\libc_nano.a(libc_a-mallocr.o)
                              c:/siliconlabs/simplicitystudio/v5/developer/toolchains/gnu_arm/12.2.rel1_2023.7/bin/../lib/gcc/arm-none-eabi/12.2.1/thumb/v7e-m+fp/softfp\libc_nano.a(libc_a-callocr.o) (_malloc_r)
c:/siliconlabs/simplicitystudio/v5/developer/toolchains/gnu_arm/12.2.rel1_2023.7/bin/../lib/gcc/arm-none-eabi/12.2.1/thumb/v7e-m+fp/softfp\libc_nano.a(libc_a-strtol.o)
                              c:/siliconlabs/simplicitystudio/v5/developer/toolchains/gnu_arm/12.2.rel1_2023.7/bin/../lib/gcc/arm-none-eabi/12.2.1/thumb/v7e-m+fp/softfp\libc_nano.a(libc_a-atoi.o) (_strtol_r)
c:/siliconlabs/simplicitystudio/v5/developer/toolchains/gnu_arm/12.2.rel1_2023.7/bin/../lib/gcc/arm-none-eabi/12.2.1/thumb/v7e-m+fp/softfp\libc_nano.a(libc_a-strtoul.o)
                              ./wiseconnect3_sdk_3.5.2/components/common/src/sl_utility.o (strtoul)
c:/siliconlabs/simplicitystudio/v5/developer/toolchains/gnu_arm/12.2.rel1_2023.7/bin/../lib/gcc/arm-none-eabi/12.2.1/thumb/v7e-m+fp/softfp\libc_nano.a(libc_a-ctype_.o)
                              ./simplicity_sdk_2025.6.3/platform/common/src/sl_string.o (_ctype_)
c:/siliconlabs/simplicitystudio/v5/developer/toolchains/gnu_arm/12.2.rel1_2023.7/bin/../lib/gcc/arm-none-eabi/12.2.1/thumb/v7e-m+fp/softfp\libc_nano.a(libc_a-nano-vfprintf_float.o)
                              (_printf_float)
[...]
Memory Configuration

Name             Origin             Length             Attributes
rom              0x08202000         0x001fe000         xr
ram              0x0000000c         0x0002fbf4         xrw
udma0            0x0002fc00         0x00000400         xrw
udma1            0x24061c00         0x00000400         xrw
*default*        0x00000000         0xffffffff

Linker script and memory map

LOAD c:/siliconlabs/simplicitystudio/v5/developer/toolchains/gnu_arm/12.2.rel1_2023.7/bin/../lib/gcc/arm-none-eabi/12.2.1/thumb/v7e-m+fp/softfp/crti.o
LOAD c:/siliconlabs/simplicitystudio/v5/developer/toolchains/gnu_arm/12.2.rel1_2023.7/bin/../lib/gcc/arm-none-eabi/12.2.1/thumb/v7e-m+fp/softfp/crtbegin.o
LOAD c:/siliconlabs/simplicitystudio/v5/developer/toolchains/gnu_arm/12.2.rel1_2023.7/bin/../lib/gcc/arm-none-eabi/12.2.1/thumb/v7e-m+fp/softfp/crt0.o
START GROUP
LOAD ./app.o
LOAD ./main.o
LOAD ./autogen/sl_event_handler.o
LOAD ./simplicity_sdk_2025.6.3/platform/CMSIS/RTOS2/Source/os_systick.o
LOAD ./simplicity_sdk_2025.6.3/platform/common/src/sl_assert.o
LOAD ./simplicity_sdk_2025.6.3/platform/common/src/sl_cmsis_os2_common.o
LOAD ./simplicity_sdk_2025.6.3/platform/common/src/sl_core_cortexm.o
LOAD ./simplicity_sdk_2025.6.3/platform/common/src/sl_slist.o
LOAD ./simplicity_sdk_2025.6.3/platform/common/src/sl_string.o
LOAD ./simplicity_sdk_2025.6.3/platform/common/src/sl_syscalls.o
LOAD ./simplicity_sdk_2025.6.3/platform/common/src/sli_cmsis_os2_ext_task_register.o
LOAD ./simplicity_sdk_2025.6.3/platform/service/mem_pool/src/sl_mem_pool.o
LOAD ./simplicity_sdk_2025.6.3/platform/service/sl_main/src/rtos/main_retarget.o
LOAD ./simplicity_sdk_2025.6.3/platform/service/sl_main/src/sl_main_init.o
LOAD ./simplicity_sdk_2025.6.3/platform/service/sl_main/src/sl_main_init_memory.o
LOAD ./simplicity_sdk_2025.6.3/platform/service/sl_main/src/sl_main_kernel.o
LOAD ./simplicity_sdk_2025.6.3/util/third_party/freertos/cmsis/Source/cmsis_os2.o
LOAD ./simplicity_sdk_2025.6.3/util/third_party/freertos/kernel/croutine.o
LOAD ./simplicity_sdk_2025.6.3/util/third_party/freertos/kernel/event_groups.o
LOAD ./simplicity_sdk_2025.6.3/util/third_party/freertos/kernel/list.o
LOAD ./simplicity_sdk_2025.6.3/util/third_party/freertos/kernel/queue.o
LOAD ./simplicity_sdk_2025.6.3/util/third_party/freertos/kernel/stream_buffer.o
LOAD ./simplicity_sdk_2025.6.3/util/third_party/freertos/kernel/tasks.o
LOAD ./simplicity_sdk_2025.6.3/util/third_party/freertos/kernel/timers.o
LOAD ./simplicity_sdk_2025.6.3/util/third_party/freertos/kernel/portable/GCC/ARM_CM4F/port.o
LOAD ./simplicity_sdk_2025.6.3/util/third_party/freertos/kernel/portable/MemMang/heap_4.o
LOAD ./wiseconnect3_sdk_3.5.2/components/board/silabs/src/rsi_board.o
LOAD ./wiseconnect3_sdk_3.5.2/components/common/src/sl_utility.o
LOAD ./wiseconnect3_sdk_3.5.2/components/device/silabs/si91x/mcu/core/chip/src/iPMU_prog/iPMU_dotc/ipmu_apis.o
LOAD ./wiseconnect3_sdk_3.5.2/components/device/silabs/si91x/mcu/core/chip/src/iPMU_prog/iPMU_dotc/rsi_system_config_917.o
LOAD ./wiseconnect3_sdk_3.5.2/components/device/silabs/si91x/mcu/core/chip/src/rsi_deepsleep_soc.o
LOAD ./wiseconnect3_sdk_3.5.2/components/device/silabs/si91x/mcu/core/chip/src/rsi_ps_ram_func.o
LOAD ./wiseconnect3_sdk_3.5.2/components/device/silabs/si91x/mcu/core/chip/src/startup_si91x.o
LOAD ./wiseconnect3_sdk_3.5.2/components/device/silabs/si91x/mcu/core/chip/src/system_si91x.o
LOAD ./wiseconnect3_sdk_3.5.2/components/device/silabs/si91x/mcu/core/common/src/malloc_thread_safety.o
LOAD ./wiseconnect3_sdk_3.5.2/components/device/silabs/si91x/mcu/core/common/src/rsi_debug.o
LOAD ./wiseconnect3_sdk_3.5.2/components/device/silabs/si91x/mcu/core/common/src/sl_si91x_stack_object_declare.o
LOAD ./wiseconnect3_sdk_3.5.2/components/device/silabs/si91x/mcu/core/common/src/syscalls.o
LOAD ./wiseconnect3_sdk_3.5.2/components/device/silabs/si91x/mcu/core/config/src/rsi_nvic_priorities_config.o
LOAD ./wiseconnect3_sdk_3.5.2/components/device/silabs/si91x/mcu/drivers/cmsis_driver/UDMA.o
LOAD ./wiseconnect3_sdk_3.5.2/components/device/silabs/si91x/mcu/drivers/cmsis_driver/USART.o
LOAD ./wiseconnect3_sdk_3.5.2/components/device/silabs/si91x/mcu/drivers/peripheral_drivers/src/aux_reference_volt_config.o
LOAD ./wiseconnect3_sdk_3.5.2/components/device/silabs/si91x/mcu/drivers/peripheral_drivers/src/clock_update.o
LOAD ./wiseconnect3_sdk_3.5.2/components/device/silabs/si91x/mcu/drivers/peripheral_drivers/src/rsi_adc.o
LOAD ./wiseconnect3_sdk_3.5.2/components/device/silabs/si91x/mcu/drivers/peripheral_drivers/src/rsi_crc.o
LOAD ./wiseconnect3_sdk_3.5.2/components/device/silabs/si91x/mcu/drivers/peripheral_drivers/src/rsi_dac.o
LOAD ./wiseconnect3_sdk_3.5.2/components/device/silabs/si91x/mcu/drivers/peripheral_drivers/src/rsi_egpio.o
LOAD ./wiseconnect3_sdk_3.5.2/components/device/silabs/si91x/mcu/drivers/peripheral_drivers/src/rsi_opamp.o
LOAD ./wiseconnect3_sdk_3.5.2/components/device/silabs/si91x/mcu/drivers/peripheral_drivers/src/rsi_udma.o
LOAD ./wiseconnect3_sdk_3.5.2/components/device/silabs/si91x/mcu/drivers/peripheral_drivers/src/rsi_udma_wrapper.o
LOAD ./wiseconnect3_sdk_3.5.2/components/device/silabs/si91x/mcu/drivers/peripheral_drivers/src/rsi_usart.o
LOAD ./wiseconnect3_sdk_3.5.2/components/device/silabs/si91x/mcu/drivers/service/clock_manager/src/sl_si91x_clock_manager.o
LOAD ./wiseconnect3_sdk_3.5.2/components/device/silabs/si91x/mcu/drivers/systemlevel/src/rsi_bod.o
LOAD ./wiseconnect3_sdk_3.5.2/components/device/silabs/si91x/mcu/drivers/systemlevel/src/rsi_ipmu.o
LOAD ./wiseconnect3_sdk_3.5.2/components/device/silabs/si91x/mcu/drivers/systemlevel/src/rsi_pll.o
LOAD ./wiseconnect3_sdk_3.5.2/components/device/silabs/si91x/mcu/drivers/systemlevel/src/rsi_rtc.o
LOAD ./wiseconnect3_sdk_3.5.2/components/device/silabs/si91x/mcu/drivers/systemlevel/src/rsi_temp_sensor.o
LOAD ./wiseconnect3_sdk_3.5.2/components/device/silabs/si91x/mcu/drivers/systemlevel/src/rsi_time_period.o
LOAD ./wiseconnect3_sdk_3.5.2/components/device/silabs/si91x/mcu/drivers/systemlevel/src/rsi_ulpss_clk.o
LOAD ./wiseconnect3_sdk_3.5.2/components/device/silabs/si91x/mcu/drivers/unified_api/src/sl_si91x_adc.o
LOAD ./wiseconnect3_sdk_3.5.2/components/device/silabs/si91x/mcu/drivers/unified_api/src/sl_si91x_bjt_temperature_sensor.o
LOAD ./wiseconnect3_sdk_3.5.2/components/device/silabs/si91x/mcu/drivers/unified_api/src/sl_si91x_dma.o
LOAD ./wiseconnect3_sdk_3.5.2/components/device/silabs/si91x/wireless/ahb_interface/src/rsi_hal_mcu_m4_ram.o
LOAD ./wiseconnect3_sdk_3.5.2/components/device/silabs/si91x/wireless/ahb_interface/src/rsi_hal_mcu_m4_rom.o
LOAD ./wiseconnect3_sdk_3.5.2/components/device/silabs/si91x/wireless/ahb_interface/src/sl_platform.o
LOAD ./wiseconnect3_sdk_3.5.2/components/device/silabs/si91x/wireless/ahb_interface/src/sl_platform_wireless.o
LOAD ./wiseconnect3_sdk_3.5.2/components/device/silabs/si91x/wireless/ahb_interface/src/sl_si91x_bus.o
LOAD ./wiseconnect3_sdk_3.5.2/components/device/silabs/si91x/wireless/ahb_interface/src/sl_si91x_timer.o
LOAD ./wiseconnect3_sdk_3.5.2/components/device/silabs/si91x/wireless/ahb_interface/src/sli_siwx917_soc.o
LOAD ./wiseconnect3_sdk_3.5.2/components/device/silabs/si91x/wireless/asynchronous_socket/src/sl_si91x_socket.o
LOAD ./wiseconnect3_sdk_3.5.2/components/device/silabs/si91x/wireless/errno/src/sl_si91x_errno.o
LOAD ./wiseconnect3_sdk_3.5.2/components/device/silabs/si91x/wireless/firmware_upgrade/firmware_upgradation.o
LOAD ./wiseconnect3_sdk_3.5.2/components/device/silabs/si91x/wireless/host_mcu/si91x/siwx917_soc_ncp_host.o
LOAD ./wiseconnect3_sdk_3.5.2/components/device/silabs/si91x/wireless/icmp/sl_net_ping.o
LOAD ./wiseconnect3_sdk_3.5.2/components/device/silabs/si91x/wireless/memory/mem_pool_buffer_quota.o
LOAD ./wiseconnect3_sdk_3.5.2/components/device/silabs/si91x/wireless/sl_net/src/sl_net_rsi_utility.o
LOAD ./wiseconnect3_sdk_3.5.2/components/device/silabs/si91x/wireless/sl_net/src/sl_net_si91x.o
LOAD ./wiseconnect3_sdk_3.5.2/components/device/silabs/si91x/wireless/sl_net/src/sl_net_si91x_callback_framework.o
LOAD ./wiseconnect3_sdk_3.5.2/components/device/silabs/si91x/wireless/sl_net/src/sl_net_si91x_integration_handler.o
LOAD ./wiseconnect3_sdk_3.5.2/components/device/silabs/si91x/wireless/sl_net/src/sl_si91x_net_internal_stack.o
LOAD ./wiseconnect3_sdk_3.5.2/components/device/silabs/si91x/wireless/sl_net/src/sli_net_si91x_utility.o
LOAD ./wiseconnect3_sdk_3.5.2/components/device/silabs/si91x/wireless/socket/src/sl_si91x_socket_utility.o
LOAD ./wiseconnect3_sdk_3.5.2/components/device/silabs/si91x/wireless/src/sl_rsi_utility.o
LOAD ./wiseconnect3_sdk_3.5.2/components/device/silabs/si91x/wireless/src/sl_si91x_driver.o
LOAD ./wiseconnect3_sdk_3.5.2/components/protocol/wifi/si91x/sl_wifi.o
LOAD ./wiseconnect3_sdk_3.5.2/components/protocol/wifi/src/sl_wifi_basic_credentials.o
LOAD ./wiseconnect3_sdk_3.5.2/components/protocol/wifi/src/sl_wifi_callback_framework.o
LOAD ./wiseconnect3_sdk_3.5.2/components/service/bsd_socket/si91x_socket/sl_si91x_bsd_socket.o
LOAD ./wiseconnect3_sdk_3.5.2/components/service/network_manager/src/sl_net.o
LOAD ./wiseconnect3_sdk_3.5.2/components/service/network_manager/src/sl_net_basic_certificate_store.o
LOAD ./wiseconnect3_sdk_3.5.2/components/service/network_manager/src/sl_net_basic_profiles.o
LOAD ./wiseconnect3_sdk_3.5.2/components/service/network_manager/src/sl_net_credentials.o
LOAD ./wiseconnect3_sdk_3.5.2/components/service/network_manager/src/sli_net_common_utility.o
LOAD ./wiseconnect3_sdk_3.5.2/components/service/sl_http_server/src/sl_http_server.o
LOAD ./wiseconnect3_sdk_3.5.2/components/sli_si91x_wifi_event_handler/src/sli_si91x_wifi_event_handler.o
LOAD ./wiseconnect3_sdk_3.5.2/components/sli_wifi_command_engine/src/sli_wifi_command_engine.o
LOAD ./wiseconnect3_sdk_3.5.2/third_party/json_parser/src/jsmn.o
LOAD c:/siliconlabs/simplicitystudio/v5/developer/toolchains/gnu_arm/12.2.rel1_2023.7/bin/../lib/gcc/arm-none-eabi/12.2.1/thumb/v7e-m+fp/softfp\libgcc.a
LOAD c:/siliconlabs/simplicitystudio/v5/developer/toolchains/gnu_arm/12.2.rel1_2023.7/bin/../lib/gcc/arm-none-eabi/12.2.1/thumb/v7e-m+fp/softfp\libnosys.a
LOAD c:/siliconlabs/simplicitystudio/v5/developer/toolchains/gnu_arm/12.2.rel1_2023.7/bin/../lib/gcc/arm-none-eabi/12.2.1/thumb/v7e-m+fp/softfp\libc_nano.a
LOAD c:/siliconlabs/simplicitystudio/v5/developer/toolchains/gnu_arm/12.2.rel1_2023.7/bin/../lib/gcc/arm-none-eabi/12.2.1/thumb/v7e-m+fp/softfp\libm.a
END GROUP
START GROUP
LOAD c:/siliconlabs/simplicitystudio/v5/developer/toolchains/gnu_arm/12.2.rel1_2023.7/bin/../lib/gcc/arm-none-eabi/12.2.1/thumb/v7e-m+fp/softfp\libgcc.a
LOAD c:/siliconlabs/simplicitystudio/v5/developer/toolchains/gnu_arm/12.2.rel1_2023.7/bin/../lib/gcc/arm-none-eabi/12.2.1/thumb/v7e-m+fp/softfp\libc_nano.a
LOAD c:/siliconlabs/simplicitystudio/v5/developer/toolchains/gnu_arm/12.2.rel1_2023.7/bin/../lib/gcc/arm-none-eabi/12.2.1/thumb/v7e-m+fp/softfp\libnosys.a
END GROUP
START GROUP
LOAD c:/siliconlabs/simplicitystudio/v5/developer/toolchains/gnu_arm/12.2.rel1_2023.7/bin/../lib/gcc/arm-none-eabi/12.2.1/thumb/v7e-m+fp/softfp\libgcc.a
LOAD c:/siliconlabs/simplicitystudio/v5/developer/toolchains/gnu_arm/12.2.rel1_2023.7/bin/../lib/gcc/arm-none-eabi/12.2.1/thumb/v7e-m+fp/softfp\libg_nano.a
LOAD c:/siliconlabs/simplicitystudio/v5/developer/toolchains/gnu_arm/12.2.rel1_2023.7/bin/../lib/gcc/arm-none-eabi/12.2.1/thumb/v7e-m+fp/softfp\libc_nano.a
END GROUP
START GROUP
LOAD c:/siliconlabs/simplicitystudio/v5/developer/toolchains/gnu_arm/12.2.rel1_2023.7/bin/../lib/gcc/arm-none-eabi/12.2.1/thumb/v7e-m+fp/softfp\libgcc.a
LOAD c:/siliconlabs/simplicitystudio/v5/developer/toolchains/gnu_arm/12.2.rel1_2023.7/bin/../lib/gcc/arm-none-eabi/12.2.1/thumb/v7e-m+fp/softfp\libc_nano.a
END GROUP
LOAD c:/siliconlabs/simplicitystudio/v5/developer/toolchains/gnu_arm/12.2.rel1_2023.7/bin/../lib/gcc/arm-none-eabi/12.2.1/thumb/v7e-m+fp/softfp/crtend.o
LOAD c:/siliconlabs/simplicitystudio/v5/developer/toolchains/gnu_arm/12.2.rel1_2023.7/bin/../lib/gcc/arm-none-eabi/12.2.1/thumb/v7e-m+fp/softfp/crtn.o

.text           0x08202000    0x18143
 *(.isr_vector)
 .isr_vector    0x08202000      0x16c ./wiseconnect3_sdk_3.5.2/components/device/silabs/si91x/mcu/core/chip/src/startup_si91x.o
                0x08202000                __Vectors
                0x08202180                . = ALIGN (0x20)
 *fill*         0x0820216c       0x14 
 *(EXCLUDE_FILE(*tasks.o *UDMA.o) .text*)
 .text.deregister_tm_clones
                0x08202180       0x1c c:/siliconlabs/simplicitystudio/v5/developer/toolchains/gnu_arm/12.2.rel1_2023.7/bin/../lib/gcc/arm-none-eabi/12.2.1/thumb/v7e-m+fp/softfp/crtbegin.o
 .text.register_tm_clones
                0x0820219c       0x24 c:/siliconlabs/simplicitystudio/v5/developer/toolchains/gnu_arm/12.2.rel1_2023.7/bin/../lib/gcc/arm-none-eabi/12.2.1/thumb/v7e-m+fp/softfp/crtbegin.o
 .text.__do_global_dtors_aux
                0x082021c0       0x28 c:/siliconlabs/simplicitystudio/v5/developer/toolchains/gnu_arm/12.2.rel1_2023.7/bin/../lib/gcc/arm-none-eabi/12.2.1/thumb/v7e-m+fp/softfp/crtbegin.o
 .text.frame_dummy
                0x082021e8       0x24 c:/siliconlabs/simplicitystudio/v5/developer/toolchains/gnu_arm/12.2.rel1_2023.7/bin/../lib/gcc/arm-none-eabi/12.2.1/thumb/v7e-m+fp/softfp/crtbegin.o
 .text.join_callback_handler
                0x0820220c       0x30 ./app.o
 .text.connect_page_request_handler
                0x0820223c       0x5c ./app.o
 .text.default_handler
                0x08202298       0x5c ./app.o
 .text.index_request_handler
                0x082022f4       0x90 ./app.o
 .text.connect_data_handler
                0x08202384      0x1b8 ./app.o
 .text.ap_disconnected_event_handler
                0x0820253c       0x24 ./app.o
 .text.ap_connected_event_handler
                0x08202560       0x24 ./app.o
 .text.wlan_app_scan_callback_handler
                0x08202584      0x10c ./app.o
 .text.wifi_scan_request_handler
                0x08202690      0x178 ./app.o
 .text.application_start
                0x08202808      0x3a8 ./app.o
 .text.app_init
                0x08202bb0       0x14 ./app.o
                0x08202bb0                app_init
 .text.startup.main
                0x08202bc4       0x18 ./main.o
                0x08202bc4                main
 .text.sli_driver_permanent_allocation
                0x08202bdc        0x2 ./autogen/sl_event_handler.o
                0x08202bdc                sli_driver_permanent_allocation
 .text.sli_service_permanent_allocation
                0x08202bde        0x2 ./autogen/sl_event_handler.o
                0x08202bde                sli_service_permanent_allocation
 .text.sli_stack_permanent_allocation
                0x08202be0        0x2 ./autogen/sl_event_handler.o
                0x08202be0                sli_stack_permanent_allocation
 .text.sli_internal_permanent_allocation
                0x08202be2        0x2 ./autogen/sl_event_handler.o
                0x08202be2                sli_internal_permanent_allocation
 .text.sl_platform_init
                0x08202be4       0x1a ./autogen/sl_event_handler.o
                0x08202be4                sl_platform_init
 .text.sli_internal_init_early
                0x08202bfe        0x2 ./autogen/sl_event_handler.o
                0x08202bfe                sli_internal_init_early
 .text.sl_kernel_start
                0x08202c00        0x4 ./autogen/sl_event_handler.o
                0x08202c00                sl_kernel_start
 .text.sl_driver_init
                0x08202c04        0x2 ./autogen/sl_event_handler.o
                0x08202c04                sl_driver_init
 .text.sl_service_init
                0x08202c06        0x2 ./autogen/sl_event_handler.o
                0x08202c06                sl_service_init
 .text.sl_stack_init
                0x08202c08        0x2 ./autogen/sl_event_handler.o
                0x08202c08                sl_stack_init
 .text.sl_internal_app_init
                0x08202c0a        0x2 ./autogen/sl_event_handler.o
                0x08202c0a                sl_internal_app_init
 .text.CORE_EnterCritical
                0x08202c0c        0x8 ./simplicity_sdk_2025.6.3/platform/common/src/sl_core_cortexm.o
                0x08202c0c                CORE_EnterCritical
 .text.CORE_ExitCritical
                0x08202c14        0xa ./simplicity_sdk_2025.6.3/platform/common/src/sl_core_cortexm.o
                0x08202c14                CORE_ExitCritical
 .text.CORE_EnterAtomic
                0x08202c1e        0xc ./simplicity_sdk_2025.6.3/platform/common/src/sl_core_cortexm.o
                0x08202c1e                CORE_EnterAtomic
 .text.CORE_ExitAtomic
                0x08202c2a        0xa ./simplicity_sdk_2025.6.3/platform/common/src/sl_core_cortexm.o
                0x08202c2a                CORE_ExitAtomic
 .text.sl_strnlen
                0x08202c34       0x16 ./simplicity_sdk_2025.6.3/platform/common/src/sl_string.o
                0x08202c34                sl_strnlen
 .text.sl_strlen
                0x08202c4a        0x8 ./simplicity_sdk_2025.6.3/platform/common/src/sl_string.o
                0x08202c4a                sl_strlen
 *fill*         0x08202c52        0x2 
 .text.sli_osTaskRegisterNew
                0x08202c54       0x1c ./simplicity_sdk_2025.6.3/platform/common/src/sli_cmsis_os2_ext_task_register.o
                0x08202c54                sli_osTaskRegisterNew
 .text.sli_osTaskRegisterSetValue
                0x08202c70        0xa ./simplicity_sdk_2025.6.3/platform/common/src/sli_cmsis_os2_ext_task_register.o
                0x08202c70                sli_osTaskRegisterSetValue
 .text.sli_mem_pool_create
                0x08202c7a       0x3c ./simplicity_sdk_2025.6.3/platform/service/mem_pool/src/sl_mem_pool.o
                0x08202c7a                sli_mem_pool_create
 .text.sli_mem_pool_alloc
                0x08202cb6       0x24 ./simplicity_sdk_2025.6.3/platform/service/mem_pool/src/sl_mem_pool.o
                0x08202cb6                sli_mem_pool_alloc
 .text.sli_mem_pool_free
                0x08202cda       0x18 ./simplicity_sdk_2025.6.3/platform/service/mem_pool/src/sl_mem_pool.o
                0x08202cda                sli_mem_pool_free
 .text.__wrap_main
                0x08202cf2        0xc ./simplicity_sdk_2025.6.3/platform/service/sl_main/src/rtos/main_retarget.o
                0x08202cf2                __wrap_main
 .text.app_init_pre_clock
                0x08202cfe        0x2 ./simplicity_sdk_2025.6.3/platform/service/sl_main/src/sl_main_init.o
                0x08202cfe                app_init_pre_clock
 .text.app_init_early
                0x08202d00        0x2 ./simplicity_sdk_2025.6.3/platform/service/sl_main/src/sl_main_init.o
                0x08202d00                app_init_early
 .text.app_process_action
                0x08202d02        0x2 ./simplicity_sdk_2025.6.3/platform/service/sl_main/src/sl_main_init.o
                0x08202d02                app_process_action
 .text.sl_main_second_stage_init
                0x08202d04       0x1a ./simplicity_sdk_2025.6.3/platform/service/sl_main/src/sl_main_init.o
                0x08202d04                sl_main_second_stage_init
 .text.sl_main_init
                0x08202d1e       0x22 ./simplicity_sdk_2025.6.3/platform/service/sl_main/src/sl_main_init.o
                0x08202d1e                sl_main_init
 .text.app_permanent_memory_alloc
                0x08202d40        0x2 ./simplicity_sdk_2025.6.3/platform/service/sl_main/src/sl_main_init_memory.o
                0x08202d40                app_permanent_memory_alloc
 .text.sli_allocate_permanent_memory
                0x08202d42       0x18 ./simplicity_sdk_2025.6.3/platform/service/sl_main/src/sl_main_init_memory.o
                0x08202d42                sli_allocate_permanent_memory
 *fill*         0x08202d5a        0x2 
 .text.start_task_handler
                0x08202d5c       0x18 ./simplicity_sdk_2025.6.3/platform/service/sl_main/src/sl_main_kernel.o
 .text.sli_main_kernel_start_task_initialize
                0x08202d74       0x34 ./simplicity_sdk_2025.6.3/platform/service/sl_main/src/sl_main_kernel.o
                0x08202d74                sli_main_kernel_start_task_initialize
 .text.sl_main_kernel_start
                0x08202da8        0x4 ./simplicity_sdk_2025.6.3/platform/service/sl_main/src/sl_main_kernel.o
                0x08202da8                sl_main_kernel_start
 .text.sl_main_start_task_should_continue
                0x08202dac        0x4 ./simplicity_sdk_2025.6.3/platform/service/sl_main/src/sl_main_kernel.o
                0x08202dac                sl_main_start_task_should_continue
 .text.IRQ_Context
                0x08202db0       0x2a ./simplicity_sdk_2025.6.3/util/third_party/freertos/cmsis/Source/cmsis_os2.o
 .text.SysTick_Handler
                0x08202dda       0x1a ./simplicity_sdk_2025.6.3/util/third_party/freertos/cmsis/Source/cmsis_os2.o
                0x08202dda                SysTick_Handler
 .text.osKernelInitialize
                0x08202df4       0x2c ./simplicity_sdk_2025.6.3/util/third_party/freertos/cmsis/Source/cmsis_os2.o
                0x08202df4                osKernelInitialize
 .text.osKernelGetState
                0x08202e20       0x20 ./simplicity_sdk_2025.6.3/util/third_party/freertos/cmsis/Source/cmsis_os2.o
                0x08202e20                osKernelGetState
 .text.osKernelStart
                0x08202e40       0x38 ./simplicity_sdk_2025.6.3/util/third_party/freertos/cmsis/Source/cmsis_os2.o
                0x08202e40                osKernelStart
 .text.osKernelGetTickCount
                0x08202e78       0x18 ./simplicity_sdk_2025.6.3/util/third_party/freertos/cmsis/Source/cmsis_os2.o
                0x08202e78                osKernelGetTickCount
 .text.osThreadNew
                0x08202e90       0xaa ./simplicity_sdk_2025.6.3/util/third_party/freertos/cmsis/Source/cmsis_os2.o
                0x08202e90                osThreadNew
 .text.osThreadGetId
                0x08202f3a        0x4 ./simplicity_sdk_2025.6.3/util/third_party/freertos/cmsis/Source/cmsis_os2.o
                0x08202f3a                osThreadGetId
 *fill*         0x08202f3e        0x2 
 .text.osThreadGetState
                0x08202f40       0x28 ./simplicity_sdk_2025.6.3/util/third_party/freertos/cmsis/Source/cmsis_os2.o
                0x08202f40                osThreadGetState
 .text.osThreadYield
                0x08202f68       0x24 ./simplicity_sdk_2025.6.3/util/third_party/freertos/cmsis/Source/cmsis_os2.o
                0x08202f68                osThreadYield
 .text.osThreadExit
                0x08202f8c        0xa ./simplicity_sdk_2025.6.3/util/third_party/freertos/cmsis/Source/cmsis_os2.o
                0x08202f8c                osThreadExit
 .text.osThreadTerminate
                0x08202f96       0x34 ./simplicity_sdk_2025.6.3/util/third_party/freertos/cmsis/Source/cmsis_os2.o
                0x08202f96                osThreadTerminate
 .text.osDelay  0x08202fca       0x1c ./simplicity_sdk_2025.6.3/util/third_party/freertos/cmsis/Source/cmsis_os2.o
                0x08202fca                osDelay
 .text.osEventFlagsNew
                0x08202fe6       0x2c ./simplicity_sdk_2025.6.3/util/third_party/freertos/cmsis/Source/cmsis_os2.o
                0x08202fe6                osEventFlagsNew
 .text.osEventFlagsSet
                0x08203012       0x62 ./simplicity_sdk_2025.6.3/util/third_party/freertos/cmsis/Source/cmsis_os2.o
                0x08203012                osEventFlagsSet
 .text.osEventFlagsClear
                0x08203074       0x56 ./simplicity_sdk_2025.6.3/util/third_party/freertos/cmsis/Source/cmsis_os2.o
                0x08203074                osEventFlagsClear
 .text.osEventFlagsWait
                0x082030ca       0x68 ./simplicity_sdk_2025.6.3/util/third_party/freertos/cmsis/Source/cmsis_os2.o
                0x082030ca                osEventFlagsWait
 .text.osEventFlagsDelete
                0x08203132       0x24 ./simplicity_sdk_2025.6.3/util/third_party/freertos/cmsis/Source/cmsis_os2.o
                0x08203132                osEventFlagsDelete
 .text.osMutexNew
                0x08203156       0x7a ./simplicity_sdk_2025.6.3/util/third_party/freertos/cmsis/Source/cmsis_os2.o
                0x08203156                osMutexNew
 .text.osMutexAcquire
                0x082031d0       0x4a ./simplicity_sdk_2025.6.3/util/third_party/freertos/cmsis/Source/cmsis_os2.o
                0x082031d0                osMutexAcquire
 .text.osMutexRelease
                0x0820321a       0x44 ./simplicity_sdk_2025.6.3/util/third_party/freertos/cmsis/Source/cmsis_os2.o
                0x0820321a                osMutexRelease
 .text.osMutexDelete
                0x0820325e       0x30 ./simplicity_sdk_2025.6.3/util/third_party/freertos/cmsis/Source/cmsis_os2.o
                0x0820325e                osMutexDelete
 .text.osSemaphoreDelete
                0x0820328e       0x2a ./simplicity_sdk_2025.6.3/util/third_party/freertos/cmsis/Source/cmsis_os2.o
                0x0820328e                osSemaphoreDelete
 .text.osMessageQueueNew
                0x082032b8       0x80 ./simplicity_sdk_2025.6.3/util/third_party/freertos/cmsis/Source/cmsis_os2.o
                0x082032b8                osMessageQueueNew
 .text.osMessageQueuePut
                0x08203338       0x70 ./simplicity_sdk_2025.6.3/util/third_party/freertos/cmsis/Source/cmsis_os2.o
                0x08203338                osMessageQueuePut
 .text.osMessageQueueGet
                0x082033a8       0x6c ./simplicity_sdk_2025.6.3/util/third_party/freertos/cmsis/Source/cmsis_os2.o
                0x082033a8                osMessageQueueGet
 .text.osMessageQueueDelete
                0x08203414        0x4 ./simplicity_sdk_2025.6.3/util/third_party/freertos/cmsis/Source/cmsis_os2.o
                0x08203414                osMessageQueueDelete
 .text.vApplicationGetIdleTaskMemory
                0x08203418       0x18 ./simplicity_sdk_2025.6.3/util/third_party/freertos/cmsis/Source/cmsis_os2.o
                0x08203418                vApplicationGetIdleTaskMemory
 .text.vApplicationGetTimerTaskMemory
                0x08203430       0x18 ./simplicity_sdk_2025.6.3/util/third_party/freertos/cmsis/Source/cmsis_os2.o
                0x08203430                vApplicationGetTimerTaskMemory
 .text.xEventGroupCreateStatic
                0x08203448       0x48 ./simplicity_sdk_2025.6.3/util/third_party/freertos/kernel/event_groups.o
                0x08203448                xEventGroupCreateStatic
 .text.xEventGroupCreate
                0x08203490       0x1c ./simplicity_sdk_2025.6.3/util/third_party/freertos/kernel/event_groups.o
                0x08203490                xEventGroupCreate
 .text.xEventGroupWaitBits
                0x082034ac      0x130 ./simplicity_sdk_2025.6.3/util/third_party/freertos/kernel/event_groups.o
                0x082034ac                xEventGroupWaitBits
 .text.xEventGroupClearBits
                0x082035dc       0x46 ./simplicity_sdk_2025.6.3/util/third_party/freertos/kernel/event_groups.o
                0x082035dc                xEventGroupClearBits
 .text.vEventGroupClearBitsCallback
                0x08203622        0x4 ./simplicity_sdk_2025.6.3/util/third_party/freertos/kernel/event_groups.o
                0x08203622                vEventGroupClearBitsCallback
 *fill*         0x08203626        0x2 
 .text.xEventGroupClearBitsFromISR
                0x08203628       0x10 ./simplicity_sdk_2025.6.3/util/third_party/freertos/kernel/event_groups.o
                0x08203628                xEventGroupClearBitsFromISR
 .text.xEventGroupGetBitsFromISR
                0x08203638       0x1c ./simplicity_sdk_2025.6.3/util/third_party/freertos/kernel/event_groups.o
                0x08203638                xEventGroupGetBitsFromISR
 .text.xEventGroupSetBits
                0x08203654       0x88 ./simplicity_sdk_2025.6.3/util/third_party/freertos/kernel/event_groups.o
                0x08203654                xEventGroupSetBits
 .text.vEventGroupSetBitsCallback
                0x082036dc        0x4 ./simplicity_sdk_2025.6.3/util/third_party/freertos/kernel/event_groups.o
                0x082036dc                vEventGroupSetBitsCallback
 .text.vEventGroupDelete
                0x082036e0       0x5a ./simplicity_sdk_2025.6.3/util/third_party/freertos/kernel/event_groups.o
                0x082036e0                vEventGroupDelete
 *fill*         0x0820373a        0x2 
 .text.xEventGroupSetBitsFromISR
                0x0820373c       0x10 ./simplicity_sdk_2025.6.3/util/third_party/freertos/kernel/event_groups.o
                0x0820373c                xEventGroupSetBitsFromISR
 .text.vListInitialise
                0x0820374c       0x16 ./simplicity_sdk_2025.6.3/util/third_party/freertos/kernel/list.o
                0x0820374c                vListInitialise
 .text.vListInitialiseItem
                0x08203762        0x6 ./simplicity_sdk_2025.6.3/util/third_party/freertos/kernel/list.o
                0x08203762                vListInitialiseItem
 .text.vListInsertEnd
                0x08203768       0x16 ./simplicity_sdk_2025.6.3/util/third_party/freertos/kernel/list.o
                0x08203768                vListInsertEnd
 .text.vListInsert
                0x0820377e       0x2e ./simplicity_sdk_2025.6.3/util/third_party/freertos/kernel/list.o
                0x0820377e                vListInsert
 .text.uxListRemove
                0x082037ac       0x1e ./simplicity_sdk_2025.6.3/util/third_party/freertos/kernel/list.o
                0x082037ac                uxListRemove
 .text.prvIsQueueEmpty
                0x082037ca       0x16 ./simplicity_sdk_2025.6.3/util/third_party/freertos/kernel/queue.o
 .text.prvCopyDataToQueue
                0x082037e0       0x66 ./simplicity_sdk_2025.6.3/util/third_party/freertos/kernel/queue.o
 .text.prvCopyDataFromQueue
                0x08203846       0x2c ./simplicity_sdk_2025.6.3/util/third_party/freertos/kernel/queue.o
 .text.prvUnlockQueue
                0x08203872       0x70 ./simplicity_sdk_2025.6.3/util/third_party/freertos/kernel/queue.o
 .text.xQueueGenericReset
                0x082038e2       0x9a ./simplicity_sdk_2025.6.3/util/third_party/freertos/kernel/queue.o
                0x082038e2                xQueueGenericReset
 .text.xQueueGenericCreateStatic
                0x0820397c       0x82 ./simplicity_sdk_2025.6.3/util/third_party/freertos/kernel/queue.o
                0x0820397c                xQueueGenericCreateStatic
 .text.xQueueGenericCreate
                0x082039fe       0x60 ./simplicity_sdk_2025.6.3/util/third_party/freertos/kernel/queue.o
                0x082039fe                xQueueGenericCreate
 .text.xQueueGenericSend
                0x08203a5e      0x178 ./simplicity_sdk_2025.6.3/util/third_party/freertos/kernel/queue.o
                0x08203a5e                xQueueGenericSend
 .text.xQueueCreateMutexStatic
                0x08203bd6       0x2a ./simplicity_sdk_2025.6.3/util/third_party/freertos/kernel/queue.o
                0x08203bd6                xQueueCreateMutexStatic
 .text.xQueueGiveMutexRecursive
                0x08203c00       0x3e ./simplicity_sdk_2025.6.3/util/third_party/freertos/kernel/queue.o
                0x08203c00                xQueueGiveMutexRecursive
 .text.xQueueCreateMutex
                0x08203c3e       0x24 ./simplicity_sdk_2025.6.3/util/third_party/freertos/kernel/queue.o
                0x08203c3e                xQueueCreateMutex
 .text.xQueueGenericSendFromISR
                0x08203c62       0xd8 ./simplicity_sdk_2025.6.3/util/third_party/freertos/kernel/queue.o
                0x08203c62                xQueueGenericSendFromISR
 .text.xQueueReceive
                0x08203d3a      0x13e ./simplicity_sdk_2025.6.3/util/third_party/freertos/kernel/queue.o
                0x08203d3a                xQueueReceive
 .text.xQueueSemaphoreTake
                0x08203e78      0x168 ./simplicity_sdk_2025.6.3/util/third_party/freertos/kernel/queue.o
                0x08203e78                xQueueSemaphoreTake
 .text.xQueueTakeMutexRecursive
                0x08203fe0       0x42 ./simplicity_sdk_2025.6.3/util/third_party/freertos/kernel/queue.o
                0x08203fe0                xQueueTakeMutexRecursive
 .text.xQueueReceiveFromISR
                0x08204022       0xb8 ./simplicity_sdk_2025.6.3/util/third_party/freertos/kernel/queue.o
                0x08204022                xQueueReceiveFromISR
 *fill*         0x082040da        0x2 
 .text.vQueueAddToRegistry
                0x082040dc       0x50 ./simplicity_sdk_2025.6.3/util/third_party/freertos/kernel/queue.o
                0x082040dc                vQueueAddToRegistry
 .text.vQueueUnregisterQueue
                0x0820412c       0x44 ./simplicity_sdk_2025.6.3/util/third_party/freertos/kernel/queue.o
                0x0820412c                vQueueUnregisterQueue
 .text.vQueueDelete
                0x08204170       0x2a ./simplicity_sdk_2025.6.3/util/third_party/freertos/kernel/queue.o
                0x08204170                vQueueDelete
 .text.vQueueWaitForMessageRestricted
                0x0820419a       0x46 ./simplicity_sdk_2025.6.3/util/third_party/freertos/kernel/queue.o
                0x0820419a                vQueueWaitForMessageRestricted
 .text.prvInsertTimerInActiveList
                0x082041e0       0x3c ./simplicity_sdk_2025.6.3/util/third_party/freertos/kernel/timers.o
 .text.prvReloadTimer
                0x0820421c       0x26 ./simplicity_sdk_2025.6.3/util/third_party/freertos/kernel/timers.o
 *fill*         0x08204242        0x2 
 .text.prvProcessExpiredTimer
                0x08204244       0x40 ./simplicity_sdk_2025.6.3/util/third_party/freertos/kernel/timers.o
 .text.prvSampleTimeNow
                0x08204284       0x4c ./simplicity_sdk_2025.6.3/util/third_party/freertos/kernel/timers.o
 .text.prvTimerTask
                0x082042d0      0x180 ./simplicity_sdk_2025.6.3/util/third_party/freertos/kernel/timers.o
 .text.prvCheckForValidListAndQueue
                0x08204450       0x68 ./simplicity_sdk_2025.6.3/util/third_party/freertos/kernel/timers.o
 .text.xTimerCreateTimerTask
                0x082044b8       0x64 ./simplicity_sdk_2025.6.3/util/third_party/freertos/kernel/timers.o
                0x082044b8                xTimerCreateTimerTask
 .text.xTimerPendFunctionCallFromISR
                0x0820451c       0x28 ./simplicity_sdk_2025.6.3/util/third_party/freertos/kernel/timers.o
                0x0820451c                xTimerPendFunctionCallFromISR
 *fill*         0x08204544        0xc 
 .text.SVC_Handler
                0x08204550       0x24 ./simplicity_sdk_2025.6.3/util/third_party/freertos/kernel/portable/GCC/ARM_CM4F/port.o
                0x08204550                SVC_Handler
 .text.prvPortStartFirstTask
                0x08204574       0x28 ./simplicity_sdk_2025.6.3/util/third_party/freertos/kernel/portable/GCC/ARM_CM4F/port.o
 *fill*         0x0820459c        0x4 
 .text.PendSV_Handler
                0x082045a0       0x64 ./simplicity_sdk_2025.6.3/util/third_party/freertos/kernel/portable/GCC/ARM_CM4F/port.o
                0x082045a0                PendSV_Handler
 .text.vPortEnableVFP
                0x08204604       0x14 ./simplicity_sdk_2025.6.3/util/third_party/freertos/kernel/portable/GCC/ARM_CM4F/port.o
 .text.prvTaskExitError
                0x08204618       0x40 ./simplicity_sdk_2025.6.3/util/third_party/freertos/kernel/portable/GCC/ARM_CM4F/port.o
 .text.pxPortInitialiseStack
                0x08204658       0x2c ./simplicity_sdk_2025.6.3/util/third_party/freertos/kernel/portable/GCC/ARM_CM4F/port.o
                0x08204658                pxPortInitialiseStack
 .text.vPortEnterCritical
                0x08204684       0x40 ./simplicity_sdk_2025.6.3/util/third_party/freertos/kernel/portable/GCC/ARM_CM4F/port.o
                0x08204684                vPortEnterCritical
 .text.vPortExitCritical
                0x082046c4       0x28 ./simplicity_sdk_2025.6.3/util/third_party/freertos/kernel/portable/GCC/ARM_CM4F/port.o
                0x082046c4                vPortExitCritical
 .text.xPortSysTickHandler
                0x082046ec       0x2c ./simplicity_sdk_2025.6.3/util/third_party/freertos/kernel/portable/GCC/ARM_CM4F/port.o
                0x082046ec                xPortSysTickHandler
 .text.vPortSetupTimerInterrupt
                0x08204718       0x24 ./simplicity_sdk_2025.6.3/util/third_party/freertos/kernel/portable/GCC/ARM_CM4F/port.o
                0x08204718                vPortSetupTimerInterrupt
 .text.xPortStartScheduler
                0x0820473c      0x178 ./simplicity_sdk_2025.6.3/util/third_party/freertos/kernel/portable/GCC/ARM_CM4F/port.o
                0x0820473c                xPortStartScheduler
 .text.vPortValidateInterruptPriority
                0x082048b4       0x5c ./simplicity_sdk_2025.6.3/util/third_party/freertos/kernel/portable/GCC/ARM_CM4F/port.o
                0x082048b4                vPortValidateInterruptPriority
 .text.pvPortMalloc
                0x08204910      0x1ac ./simplicity_sdk_2025.6.3/util/third_party/freertos/kernel/portable/MemMang/heap_4.o
                0x08204910                pvPortMalloc
 .text.vPortFree
                0x08204abc      0x104 ./simplicity_sdk_2025.6.3/util/third_party/freertos/kernel/portable/MemMang/heap_4.o
                0x08204abc                vPortFree
 .text.RSI_Board_Init
                0x08204bc0       0x5c ./wiseconnect3_sdk_3.5.2/components/board/silabs/src/rsi_board.o
                0x08204bc0                RSI_Board_Init
 .text.print_sl_ipv4_address
                0x08204c1c       0x1c ./wiseconnect3_sdk_3.5.2/components/common/src/sl_utility.o
                0x08204c1c                print_sl_ipv4_address
 .text.print_mac_address
                0x08204c38       0x28 ./wiseconnect3_sdk_3.5.2/components/common/src/sl_utility.o
                0x08204c38                print_mac_address
 .text.sl_redirect_log
                0x08204c60        0x6 ./wiseconnect3_sdk_3.5.2/components/common/src/sl_utility.o
                0x08204c60                sl_redirect_log
 *fill*         0x08204c66        0x2 
 .text.init_ipmu_calib_data
                0x08204c68       0x54 ./wiseconnect3_sdk_3.5.2/components/device/silabs/si91x/mcu/core/chip/src/iPMU_prog/iPMU_dotc/ipmu_apis.o
                0x08204c68                init_ipmu_calib_data
 .text.program_ipmu_data
                0x08204cbc       0x54 ./wiseconnect3_sdk_3.5.2/components/device/silabs/si91x/mcu/core/chip/src/iPMU_prog/iPMU_dotc/ipmu_apis.o
                0x08204cbc                program_ipmu_data
 .text.ipmu_init_mcu
                0x08204d10       0x94 ./wiseconnect3_sdk_3.5.2/components/device/silabs/si91x/mcu/core/chip/src/iPMU_prog/iPMU_dotc/ipmu_apis.o
                0x08204d10                ipmu_init_mcu
 .text.ipmu_init
                0x08204da4       0xa8 ./wiseconnect3_sdk_3.5.2/components/device/silabs/si91x/mcu/core/chip/src/iPMU_prog/iPMU_dotc/ipmu_apis.o
                0x08204da4                ipmu_init
 .text.configure_ipmu_mode
                0x08204e4c       0x38 ./wiseconnect3_sdk_3.5.2/components/device/silabs/si91x/mcu/core/chip/src/iPMU_prog/iPMU_dotc/ipmu_apis.o
                0x08204e4c                configure_ipmu_mode
 .text.RSI_PS_RestoreCpuContext
                0x08204e84       0x34 ./wiseconnect3_sdk_3.5.2/components/device/silabs/si91x/mcu/core/chip/src/rsi_deepsleep_soc.o
                0x08204e84                RSI_PS_RestoreCpuContext
 .text.RSI_Set_Cntrls_To_M4
                0x08204eb8       0x50 ./wiseconnect3_sdk_3.5.2/components/device/silabs/si91x/mcu/core/chip/src/rsi_deepsleep_soc.o
                0x08204eb8                RSI_Set_Cntrls_To_M4
 .text.Default_Handler
                0x08204f08        0x2 ./wiseconnect3_sdk_3.5.2/components/device/silabs/si91x/mcu/core/chip/src/startup_si91x.o
                0x08204f08                DebugMon_Handler
                0x08204f08                IRQ031_Handler
                0x08204f08                HardFault_Handler
                0x08204f08                IRQ058_Handler
                0x08204f08                IRQ095_Handler
                0x08204f08                IRQ065_Handler
                0x08204f08                IRQ019_Handler
                0x08204f08                IRQ056_Handler
                0x08204f08                IRQ093_Handler
                0x08204f08                NMI_Handler
                0x08204f08                IRQ014_Handler
                0x08204f08                IRQ051_Handler
                0x08204f08                IRQ027_Handler
                0x08204f08                IRQ062_Handler
                0x08204f08                IRQ097_Handler
                0x08204f08                IRQ088_Handler
                0x08204f08                IRQ034_Handler
                0x08204f08                IRQ071_Handler
                0x08204f08                IRQ067_Handler
                0x08204f08                IRQ070_Handler
                0x08204f08                IRQ077_Handler
                0x08204f08                IRQ028_Handler
                0x08204f08                IRQ063_Handler
                0x08204f08                IRQ076_Handler
                0x08204f08                UsageFault_Handler
                0x08204f08                IRQ023_Handler
                0x08204f08                IRQ009_Handler
                0x08204f08                IRQ048_Handler
                0x08204f08                IRQ083_Handler
                0x08204f08                IRQ089_Handler
                0x08204f08                HIF1_IRQHandler
                0x08204f08                IRQ037_Handler
                0x08204f08                IRQ072_Handler
                0x08204f08                IRQ021_Handler
                0x08204f08                IRQ008_Handler
                0x08204f08                IRQ047_Handler
                0x08204f08                IRQ082_Handler
                0x08204f08                IRQ022_Handler
                0x08204f08                IRQ007_Handler
                0x08204f08                IRQ046_Handler
                0x08204f08                IRQ081_Handler
                0x08204f08                IRQ004_Handler
                0x08204f08                IRQ043_Handler
                0x08204f08                IRQ002_Handler
                0x08204f08                IRQ041_Handler
                0x08204f08                IRQ098_Handler
                0x08204f08                IRQ000_Handler
                0x08204f08                IRQ005_Handler
                0x08204f08                IRQ044_Handler
                0x08204f08                IRQ049_Handler
                0x08204f08                IRQ084_Handler
                0x08204f08                IRQ006_Handler
                0x08204f08                IRQ045_Handler
                0x08204f08                IRQ080_Handler
                0x08204f08                IRQ015_Handler
                0x08204f08                IRQ052_Handler
                0x08204f08                MemManage_Handler
                0x08204f08                HIF2_IRQHandler
                0x08204f08                IRQ001_Handler
                0x08204f08                IRQ040_Handler
                0x08204f08                IRQ068_Handler
                0x08204f08                IRQ059_Handler
                0x08204f08                IRQ096_Handler
                0x08204f08                IRQ003_Handler
                0x08204f08                IRQ042_Handler
                0x08204f08                IRQ024_Handler
                0x08204f08                IRQ016_Handler
                0x08204f08                IRQ053_Handler
                0x08204f08                IRQ090_Handler
                0x08204f08                IRQ078_Handler
                0x08204f08                IRQ032_Handler
                0x08204f08                IRQ020_Handler
                0x08204f08                IRQ073_Handler
                0x08204f08                IRQ018_Handler
                0x08204f08                IRQ055_Handler
                0x08204f08                IRQ092_Handler
                0x08204f08                IRQ087_Handler
                0x08204f08                IRQ026_Handler
                0x08204f08                IRQ061_Handler
                0x08204f08                IRQ025_Handler
                0x08204f08                IRQ060_Handler
                0x08204f08                IRQ085_Handler
                0x08204f08                IRQ013_Handler
                0x08204f08                IRQ050_Handler
                0x08204f08                IRQ030_Handler
                0x08204f08                IRQ029_Handler
                0x08204f08                IRQ064_Handler
                0x08204f08                IRQ066_Handler
                0x08204f08                IRQ017_Handler
                0x08204f08                IRQ054_Handler
                0x08204f08                IRQ091_Handler
                0x08204f08                BusFault_Handler
                0x08204f08                IRQ069_Handler
                0x08204f08                IRQ075_Handler
                0x08204f08                IRQ086_Handler
                0x08204f08                IRQ057_Handler
                0x08204f08                IRQ094_Handler
                0x08204f08                IRQ079_Handler
 .text.Default_Reset_Handler
                0x08204f0a        0x2 ./wiseconnect3_sdk_3.5.2/components/device/silabs/si91x/mcu/core/chip/src/startup_si91x.o
                0x08204f0a                Default_Reset_Handler
                0x08204f0a                Reset_Handler
 .text.Copy_Table
                0x08204f0c       0x24 ./wiseconnect3_sdk_3.5.2/components/device/silabs/si91x/mcu/core/chip/src/startup_si91x.o
                0x08204f0c                Copy_Table
 .text.Zero_Table
                0x08204f30       0x24 ./wiseconnect3_sdk_3.5.2/components/device/silabs/si91x/mcu/core/chip/src/startup_si91x.o
                0x08204f30                Zero_Table
 .text.RSI_Default_Reset_Handler
                0x08204f54       0x16 ./wiseconnect3_sdk_3.5.2/components/device/silabs/si91x/mcu/core/chip/src/startup_si91x.o
                0x08204f54                RSI_Default_Reset_Handler
 *fill*         0x08204f6a        0x2 
 .text.SystemCoreClockUpdate
                0x08204f6c      0x128 ./wiseconnect3_sdk_3.5.2/components/device/silabs/si91x/mcu/core/chip/src/system_si91x.o
                0x08204f6c                SystemCoreClockUpdate
 .text.fpuInit  0x08205094       0x44 ./wiseconnect3_sdk_3.5.2/components/device/silabs/si91x/mcu/core/chip/src/system_si91x.o
                0x08205094                fpuInit
 .text.SystemInit
                0x082050d8       0xe4 ./wiseconnect3_sdk_3.5.2/components/device/silabs/si91x/mcu/core/chip/src/system_si91x.o
                0x082050d8                SystemInit
 .text.__malloc_lock
                0x082051bc       0x44 ./wiseconnect3_sdk_3.5.2/components/device/silabs/si91x/mcu/core/common/src/malloc_thread_safety.o
                0x082051bc                __malloc_lock
 .text.__malloc_unlock
                0x08205200       0x20 ./wiseconnect3_sdk_3.5.2/components/device/silabs/si91x/mcu/core/common/src/malloc_thread_safety.o
                0x08205200                __malloc_unlock
 .text.ARM_UART_SignalEvent
                0x08205220       0x24 ./wiseconnect3_sdk_3.5.2/components/device/silabs/si91x/mcu/core/common/src/rsi_debug.o
                0x08205220                ARM_UART_SignalEvent
 .text.Board_Debug_Init
                0x08205244       0x5c ./wiseconnect3_sdk_3.5.2/components/device/silabs/si91x/mcu/core/common/src/rsi_debug.o
                0x08205244                Board_Debug_Init
 .text.Board_UARTGetChar
                0x082052a0       0x30 ./wiseconnect3_sdk_3.5.2/components/device/silabs/si91x/mcu/core/common/src/rsi_debug.o
                0x082052a0                Board_UARTGetChar
 .text.Board_UARTPutChar
                0x082052d0       0x30 ./wiseconnect3_sdk_3.5.2/components/device/silabs/si91x/mcu/core/common/src/rsi_debug.o
                0x082052d0                Board_UARTPutChar
 .text.read_exclude_space
                0x08205300       0x20 ./wiseconnect3_sdk_3.5.2/components/device/silabs/si91x/mcu/core/common/src/syscalls.o
 .text._getpid  0x08205320        0x4 ./wiseconnect3_sdk_3.5.2/components/device/silabs/si91x/mcu/core/common/src/syscalls.o
                0x08205320                _getpid
 .text._kill    0x08205324       0x10 ./wiseconnect3_sdk_3.5.2/components/device/silabs/si91x/mcu/core/common/src/syscalls.o
                0x08205324                _kill
 .text._exit    0x08205334        0xc ./wiseconnect3_sdk_3.5.2/components/device/silabs/si91x/mcu/core/common/src/syscalls.o
                0x08205334                _exit
 .text._write   0x08205340       0x44 ./wiseconnect3_sdk_3.5.2/components/device/silabs/si91x/mcu/core/common/src/syscalls.o
                0x08205340                _write
 .text._close   0x08205384        0x6 ./wiseconnect3_sdk_3.5.2/components/device/silabs/si91x/mcu/core/common/src/syscalls.o
                0x08205384                _close
 .text._fstat   0x0820538a        0xa ./wiseconnect3_sdk_3.5.2/components/device/silabs/si91x/mcu/core/common/src/syscalls.o
                0x0820538a                _fstat
 .text._isatty  0x08205394        0x4 ./wiseconnect3_sdk_3.5.2/components/device/silabs/si91x/mcu/core/common/src/syscalls.o
                0x08205394                _isatty
 .text._lseek   0x08205398        0x4 ./wiseconnect3_sdk_3.5.2/components/device/silabs/si91x/mcu/core/common/src/syscalls.o
                0x08205398                _lseek
 .text._read    0x0820539c      0x300 ./wiseconnect3_sdk_3.5.2/components/device/silabs/si91x/mcu/core/common/src/syscalls.o
                0x0820539c                _read
 .text.sl_si91x_device_init_nvic
                0x0820569c       0x18 ./wiseconnect3_sdk_3.5.2/components/device/silabs/si91x/mcu/core/config/src/rsi_nvic_priorities_config.o
                0x0820569c                sl_si91x_device_init_nvic
 .text.ARM_USARTx_GetVersion
                0x082056b4       0x20 ./wiseconnect3_sdk_3.5.2/components/device/silabs/si91x/mcu/drivers/cmsis_driver/USART.o
                0x082056b4                ARM_USARTx_GetVersion
 .text.ARM_ULP_UART_GetCapabilities
                0x082056d4        0xc ./wiseconnect3_sdk_3.5.2/components/device/silabs/si91x/mcu/drivers/cmsis_driver/USART.o
 .text.ARM_ULP_UART_GetModemStatus
                0x082056e0        0xc ./wiseconnect3_sdk_3.5.2/components/device/silabs/si91x/mcu/drivers/cmsis_driver/USART.o
 .text.ARM_ULP_UART_SetModemControl
                0x082056ec        0xc ./wiseconnect3_sdk_3.5.2/components/device/silabs/si91x/mcu/drivers/cmsis_driver/USART.o
 .text.ARM_ULP_UART_GetStatus
                0x082056f8        0xc ./wiseconnect3_sdk_3.5.2/components/device/silabs/si91x/mcu/drivers/cmsis_driver/USART.o
 .text.ARM_ULP_UART_Control
                0x08205704       0x34 ./wiseconnect3_sdk_3.5.2/components/device/silabs/si91x/mcu/drivers/cmsis_driver/USART.o
 .text.ARM_ULP_UART_GetRxCount
                0x08205738        0xc ./wiseconnect3_sdk_3.5.2/components/device/silabs/si91x/mcu/drivers/cmsis_driver/USART.o
 .text.ARM_ULP_UART_GetTxCount
                0x08205744        0xc ./wiseconnect3_sdk_3.5.2/components/device/silabs/si91x/mcu/drivers/cmsis_driver/USART.o
 .text.ARM_ULP_UART_Transfer
                0x08205750       0x54 ./wiseconnect3_sdk_3.5.2/components/device/silabs/si91x/mcu/drivers/cmsis_driver/USART.o
 .text.ARM_ULP_UART_Receive
                0x082057a4       0x48 ./wiseconnect3_sdk_3.5.2/components/device/silabs/si91x/mcu/drivers/cmsis_driver/USART.o
 .text.ARM_ULP_UART_Send
                0x082057ec       0x48 ./wiseconnect3_sdk_3.5.2/components/device/silabs/si91x/mcu/drivers/cmsis_driver/USART.o
 .text.ARM_ULP_UART_PowerControl
                0x08205834       0x18 ./wiseconnect3_sdk_3.5.2/components/device/silabs/si91x/mcu/drivers/cmsis_driver/USART.o
 .text.ARM_ULP_UART_Uninitialize
                0x0820584c       0x1c ./wiseconnect3_sdk_3.5.2/components/device/silabs/si91x/mcu/drivers/cmsis_driver/USART.o
 .text.ARM_ULP_UART_Initialize
                0x08205868       0x30 ./wiseconnect3_sdk_3.5.2/components/device/silabs/si91x/mcu/drivers/cmsis_driver/USART.o
 .text.IRQ038_Handler
                0x08205898        0xc ./wiseconnect3_sdk_3.5.2/components/device/silabs/si91x/mcu/drivers/cmsis_driver/USART.o
                0x08205898                IRQ038_Handler
 .text.IRQ039_Handler
                0x082058a4        0xc ./wiseconnect3_sdk_3.5.2/components/device/silabs/si91x/mcu/drivers/cmsis_driver/USART.o
                0x082058a4                IRQ039_Handler
 .text.IRQ012_Handler
                0x082058b0        0xc ./wiseconnect3_sdk_3.5.2/components/device/silabs/si91x/mcu/drivers/cmsis_driver/USART.o
                0x082058b0                IRQ012_Handler
 .text.RSI_ULPUartHandler
                0x082058bc        0x4 ./wiseconnect3_sdk_3.5.2/components/device/silabs/si91x/mcu/drivers/cmsis_driver/USART.o
                0x082058bc                RSI_ULPUartHandler
 .text.RSI_AUX_RefVoltageConfig
                0x082058c0       0xe8 ./wiseconnect3_sdk_3.5.2/components/device/silabs/si91x/mcu/drivers/peripheral_drivers/src/aux_reference_volt_config.o
                0x082058c0                RSI_AUX_RefVoltageConfig
 .text.RSI_CLK_GetM4RefClock
                0x082059a8       0x30 ./wiseconnect3_sdk_3.5.2/components/device/silabs/si91x/mcu/drivers/peripheral_drivers/src/clock_update.o
 .text.RSI_CLK_GetUlpssTouchClock
                0x082059d8       0x48 ./wiseconnect3_sdk_3.5.2/components/device/silabs/si91x/mcu/drivers/peripheral_drivers/src/clock_update.o
 .text.RSI_CLK_GetQspi2Clock
                0x08205a20       0x50 ./wiseconnect3_sdk_3.5.2/components/device/silabs/si91x/mcu/drivers/peripheral_drivers/src/clock_update.o
 .text.RSI_CLK_GetUart1Clock
                0x08205a70       0x74 ./wiseconnect3_sdk_3.5.2/components/device/silabs/si91x/mcu/drivers/peripheral_drivers/src/clock_update.o
 .text.RSI_CLK_GetBaseClock
                0x08205ae4      0x334 ./wiseconnect3_sdk_3.5.2/components/device/silabs/si91x/mcu/drivers/peripheral_drivers/src/clock_update.o
                0x08205ae4                RSI_CLK_GetBaseClock
 .text.RSI_EGPIO_HostPadsGpioModeDisable
                0x08205e18       0x10 ./wiseconnect3_sdk_3.5.2/components/device/silabs/si91x/mcu/drivers/peripheral_drivers/src/rsi_adc.o
 .text.RSI_EGPIO_PadReceiverDisable
                0x08205e28       0x10 ./wiseconnect3_sdk_3.5.2/components/device/silabs/si91x/mcu/drivers/peripheral_drivers/src/rsi_adc.o
 .text.RSI_EGPIO_UlpPadReceiverDisable
                0x08205e38       0x10 ./wiseconnect3_sdk_3.5.2/components/device/silabs/si91x/mcu/drivers/peripheral_drivers/src/rsi_adc.o
 .text.adc_dac_ceil
                0x08205e48       0x2a ./wiseconnect3_sdk_3.5.2/components/device/silabs/si91x/mcu/drivers/peripheral_drivers/src/rsi_adc.o
 *fill*         0x08205e72        0x2 
 .text.ADC_DMA_Transfer_Complete
                0x08205e74       0x10 ./wiseconnect3_sdk_3.5.2/components/device/silabs/si91x/mcu/drivers/peripheral_drivers/src/rsi_adc.o
                0x08205e74                ADC_DMA_Transfer_Complete
 .text.ADC_DMA_Error_Callback
                0x08205e84        0x4 ./wiseconnect3_sdk_3.5.2/components/device/silabs/si91x/mcu/drivers/peripheral_drivers/src/rsi_adc.o
                0x08205e84                ADC_DMA_Error_Callback
 .text.RSI_EGPIO_SetPinMux.constprop.0
                0x08205e88       0x1c ./wiseconnect3_sdk_3.5.2/components/device/silabs/si91x/mcu/drivers/peripheral_drivers/src/rsi_adc.o
 .text.RSI_ADC_PowerControl.part.0
                0x08205ea4       0x40 ./wiseconnect3_sdk_3.5.2/components/device/silabs/si91x/mcu/drivers/peripheral_drivers/src/rsi_adc.o
 .text.ADC_Start
                0x08205ee4       0x38 ./wiseconnect3_sdk_3.5.2/components/device/silabs/si91x/mcu/drivers/peripheral_drivers/src/rsi_adc.o
                0x08205ee4                ADC_Start
 .text.cal_adc_channel_offset
                0x08205f1c       0xa4 ./wiseconnect3_sdk_3.5.2/components/device/silabs/si91x/mcu/drivers/peripheral_drivers/src/rsi_adc.o
                0x08205f1c                cal_adc_channel_offset
 .text.check_power_two
                0x08205fc0       0x12 ./wiseconnect3_sdk_3.5.2/components/device/silabs/si91x/mcu/drivers/peripheral_drivers/src/rsi_adc.o
                0x08205fc0                check_power_two
 .text.roundupto_pwr2
                0x08205fd2       0x1e ./wiseconnect3_sdk_3.5.2/components/device/silabs/si91x/mcu/drivers/peripheral_drivers/src/rsi_adc.o
                0x08205fd2                roundupto_pwr2
 .text.config_ch_freq
                0x08205ff0      0x1a8 ./wiseconnect3_sdk_3.5.2/components/device/silabs/si91x/mcu/drivers/peripheral_drivers/src/rsi_adc.o
 .text.max_sample_rate_achive
                0x08206198       0x30 ./wiseconnect3_sdk_3.5.2/components/device/silabs/si91x/mcu/drivers/peripheral_drivers/src/rsi_adc.o
                0x08206198                max_sample_rate_achive
 .text.get_min_sampling_time
                0x082061c8      0x2a0 ./wiseconnect3_sdk_3.5.2/components/device/silabs/si91x/mcu/drivers/peripheral_drivers/src/rsi_adc.o
                0x082061c8                get_min_sampling_time
 .text.ADC_PinMux
                0x08206468      0x39c ./wiseconnect3_sdk_3.5.2/components/device/silabs/si91x/mcu/drivers/peripheral_drivers/src/rsi_adc.o
                0x08206468                ADC_PinMux
 .text.RSI_ADC_PingPongMemoryAdrConfig
                0x08206804       0xe0 ./wiseconnect3_sdk_3.5.2/components/device/silabs/si91x/mcu/drivers/peripheral_drivers/src/rsi_adc.o
                0x08206804                RSI_ADC_PingPongMemoryAdrConfig
 .text.RSI_ADC_PingPongReInit
                0x082068e4       0x60 ./wiseconnect3_sdk_3.5.2/components/device/silabs/si91x/mcu/drivers/peripheral_drivers/src/rsi_adc.o
                0x082068e4                RSI_ADC_PingPongReInit
 .text.RSI_ADC_Calibration
                0x08206944       0xb8 ./wiseconnect3_sdk_3.5.2/components/device/silabs/si91x/mcu/drivers/peripheral_drivers/src/rsi_adc.o
                0x08206944                RSI_ADC_Calibration
 .text.ADC_Init
                0x082069fc      0x140 ./wiseconnect3_sdk_3.5.2/components/device/silabs/si91x/mcu/drivers/peripheral_drivers/src/rsi_adc.o
                0x082069fc                ADC_Init
 .text.ADC_Per_Channel_Init
                0x08206b3c      0x144 ./wiseconnect3_sdk_3.5.2/components/device/silabs/si91x/mcu/drivers/peripheral_drivers/src/rsi_adc.o
                0x08206b3c                ADC_Per_Channel_Init
 .text.RSI_ADC_PingpongEnable
                0x08206c80       0x28 ./wiseconnect3_sdk_3.5.2/components/device/silabs/si91x/mcu/drivers/peripheral_drivers/src/rsi_adc.o
                0x08206c80                RSI_ADC_PingpongEnable
 .text.RSI_ADC_InternalPerChnlDmaEnable
                0x08206ca8       0x2a ./wiseconnect3_sdk_3.5.2/components/device/silabs/si91x/mcu/drivers/peripheral_drivers/src/rsi_adc.o
                0x08206ca8                RSI_ADC_InternalPerChnlDmaEnable
 .text.RSI_ADC_ChannelConfig
                0x08206cd2       0x68 ./wiseconnect3_sdk_3.5.2/components/device/silabs/si91x/mcu/drivers/peripheral_drivers/src/rsi_adc.o
                0x08206cd2                RSI_ADC_ChannelConfig
 *fill*         0x08206d3a        0x2 
 .text.RSI_ADC_Stop
                0x08206d3c       0x2c ./wiseconnect3_sdk_3.5.2/components/device/silabs/si91x/mcu/drivers/peripheral_drivers/src/rsi_adc.o
                0x08206d3c                RSI_ADC_Stop
 .text.ADC_Stop
                0x08206d68       0x10 ./wiseconnect3_sdk_3.5.2/components/device/silabs/si91x/mcu/drivers/peripheral_drivers/src/rsi_adc.o
                0x08206d68                ADC_Stop
 .text.RSI_ADC_ChnlEnable
                0x08206d78       0x40 ./wiseconnect3_sdk_3.5.2/components/device/silabs/si91x/mcu/drivers/peripheral_drivers/src/rsi_adc.o
                0x08206d78                RSI_ADC_ChnlEnable
 .text.RSI_ADC_ClkDivfactor
                0x08206db8       0x34 ./wiseconnect3_sdk_3.5.2/components/device/silabs/si91x/mcu/drivers/peripheral_drivers/src/rsi_adc.o
                0x08206db8                RSI_ADC_ClkDivfactor
 .text.RSI_ADC_ChnlIntrUnMask
                0x08206dec       0x58 ./wiseconnect3_sdk_3.5.2/components/device/silabs/si91x/mcu/drivers/peripheral_drivers/src/rsi_adc.o
                0x08206dec                RSI_ADC_ChnlIntrUnMask
 .text.RSI_ADC_ChnlIntrClr
                0x08206e44       0x36 ./wiseconnect3_sdk_3.5.2/components/device/silabs/si91x/mcu/drivers/peripheral_drivers/src/rsi_adc.o
                0x08206e44                RSI_ADC_ChnlIntrClr
 *fill*         0x08206e7a        0x2 
 .text.RSI_ADC_PowerControl
                0x08206e7c       0x54 ./wiseconnect3_sdk_3.5.2/components/device/silabs/si91x/mcu/drivers/peripheral_drivers/src/rsi_adc.o
                0x08206e7c                RSI_ADC_PowerControl
 .text.ADC_Deinit
                0x08206ed0       0x3c ./wiseconnect3_sdk_3.5.2/components/device/silabs/si91x/mcu/drivers/peripheral_drivers/src/rsi_adc.o
                0x08206ed0                ADC_Deinit
 .text.RSI_ADC_NoiseAvgMode
                0x08206f0c       0x20 ./wiseconnect3_sdk_3.5.2/components/device/silabs/si91x/mcu/drivers/peripheral_drivers/src/rsi_adc.o
                0x08206f0c                RSI_ADC_NoiseAvgMode
 .text.ADC_ChannelConfig
                0x08206f2c      0x338 ./wiseconnect3_sdk_3.5.2/components/device/silabs/si91x/mcu/drivers/peripheral_drivers/src/rsi_adc.o
                0x08206f2c                ADC_ChannelConfig
 .text.ADC_Per_ChannelConfig
                0x08207264      0x394 ./wiseconnect3_sdk_3.5.2/components/device/silabs/si91x/mcu/drivers/peripheral_drivers/src/rsi_adc.o
                0x08207264                ADC_Per_ChannelConfig
 .text.RSI_ADC_TempSensorEnable
                0x082075f8       0x10 ./wiseconnect3_sdk_3.5.2/components/device/silabs/si91x/mcu/drivers/peripheral_drivers/src/rsi_adc.o
                0x082075f8                RSI_ADC_TempSensorEnable
 .text.RSI_ADC_InterruptHandler
                0x08207608       0xf4 ./wiseconnect3_sdk_3.5.2/components/device/silabs/si91x/mcu/drivers/peripheral_drivers/src/rsi_adc.o
                0x08207608                RSI_ADC_InterruptHandler
 .text.IRQ011_Handler
                0x082076fc        0xc ./wiseconnect3_sdk_3.5.2/components/device/silabs/si91x/mcu/drivers/peripheral_drivers/src/rsi_adc.o
                0x082076fc                IRQ011_Handler
 .text.RSI_ADC_GainOffsetCal
                0x08207708       0x6c ./wiseconnect3_sdk_3.5.2/components/device/silabs/si91x/mcu/drivers/peripheral_drivers/src/rsi_adc.o
                0x08207708                RSI_ADC_GainOffsetCal
 .text.RSI_ADC_ReadDataStatic
                0x08207774       0x14 ./wiseconnect3_sdk_3.5.2/components/device/silabs/si91x/mcu/drivers/peripheral_drivers/src/rsi_adc.o
                0x08207774                RSI_ADC_ReadDataStatic
 .text.RSI_DAC_InterruptMask
                0x08207788       0x1e ./wiseconnect3_sdk_3.5.2/components/device/silabs/si91x/mcu/drivers/peripheral_drivers/src/rsi_dac.o
                0x08207788                RSI_DAC_InterruptMask
 .text.RSI_OPAMP1_Config
                0x082077a6       0xc6 ./wiseconnect3_sdk_3.5.2/components/device/silabs/si91x/mcu/drivers/peripheral_drivers/src/rsi_opamp.o
                0x082077a6                RSI_OPAMP1_Config
 .text.RSI_EGPIO_SetPinMux
                0x0820786c       0x14 ./wiseconnect3_sdk_3.5.2/components/device/silabs/si91x/mcu/drivers/peripheral_drivers/src/rsi_usart.o
 .text.RSI_EGPIO_UlpSocGpioMode.constprop.0
                0x08207880       0x18 ./wiseconnect3_sdk_3.5.2/components/device/silabs/si91x/mcu/drivers/peripheral_drivers/src/rsi_usart.o
 .text.UDMAx_ChannelDisable.isra.0
                0x08207898        0xc ./wiseconnect3_sdk_3.5.2/components/device/silabs/si91x/mcu/drivers/peripheral_drivers/src/rsi_usart.o
 .text.configure_usart_gpio_pin
                0x082078a4      0x1ac ./wiseconnect3_sdk_3.5.2/components/device/silabs/si91x/mcu/drivers/peripheral_drivers/src/rsi_usart.o
 .text.UartIrqHandler
                0x08207a50      0x200 ./wiseconnect3_sdk_3.5.2/components/device/silabs/si91x/mcu/drivers/peripheral_drivers/src/rsi_usart.o
                0x08207a50                UartIrqHandler
 .text.USART_SetBaudrate
                0x08207c50       0x50 ./wiseconnect3_sdk_3.5.2/components/device/silabs/si91x/mcu/drivers/peripheral_drivers/src/rsi_usart.o
                0x08207c50                USART_SetBaudrate
 .text.USART_Initialize
                0x08207ca0      0x120 ./wiseconnect3_sdk_3.5.2/components/device/silabs/si91x/mcu/drivers/peripheral_drivers/src/rsi_usart.o
                0x08207ca0                USART_Initialize
 .text.USART_Uninitialize
                0x08207dc0       0xa0 ./wiseconnect3_sdk_3.5.2/components/device/silabs/si91x/mcu/drivers/peripheral_drivers/src/rsi_usart.o
                0x08207dc0                USART_Uninitialize
 .text.USART_PowerControl
                0x08207e60      0x150 ./wiseconnect3_sdk_3.5.2/components/device/silabs/si91x/mcu/drivers/peripheral_drivers/src/rsi_usart.o
                0x08207e60                USART_PowerControl
 .text.USART_Send_Data
                0x08207fb0      0x15c ./wiseconnect3_sdk_3.5.2/components/device/silabs/si91x/mcu/drivers/peripheral_drivers/src/rsi_usart.o
                0x08207fb0                USART_Send_Data
 .text.USART_Receive_Data
                0x0820810c      0x13c ./wiseconnect3_sdk_3.5.2/components/device/silabs/si91x/mcu/drivers/peripheral_drivers/src/rsi_usart.o
                0x0820810c                USART_Receive_Data
 .text.USART_Transfer
                0x08208248       0x72 ./wiseconnect3_sdk_3.5.2/components/device/silabs/si91x/mcu/drivers/peripheral_drivers/src/rsi_usart.o
                0x08208248                USART_Transfer
 .text.USART_GetTxCount
                0x082082ba        0x6 ./wiseconnect3_sdk_3.5.2/components/device/silabs/si91x/mcu/drivers/peripheral_drivers/src/rsi_usart.o
                0x082082ba                USART_GetTxCount
 .text.USART_GetRxCount
                0x082082c0        0x6 ./wiseconnect3_sdk_3.5.2/components/device/silabs/si91x/mcu/drivers/peripheral_drivers/src/rsi_usart.o
                0x082082c0                USART_GetRxCount
 *fill*         0x082082c6        0x2 
 .text.USART_Control
                0x082082c8      0x47c ./wiseconnect3_sdk_3.5.2/components/device/silabs/si91x/mcu/drivers/peripheral_drivers/src/rsi_usart.o
                0x082082c8                USART_Control
 .text.USART_GetStatus
                0x08208744       0x42 ./wiseconnect3_sdk_3.5.2/components/device/silabs/si91x/mcu/drivers/peripheral_drivers/src/rsi_usart.o
                0x08208744                USART_GetStatus
 *fill*         0x08208786        0x2 
 .text.USART_SetModemControl
                0x08208788       0x80 ./wiseconnect3_sdk_3.5.2/components/device/silabs/si91x/mcu/drivers/peripheral_drivers/src/rsi_usart.o
                0x08208788                USART_SetModemControl
 .text.USART_GetModemStatus
                0x08208808       0x60 ./wiseconnect3_sdk_3.5.2/components/device/silabs/si91x/mcu/drivers/peripheral_drivers/src/rsi_usart.o
                0x08208808                USART_GetModemStatus
 .text.convert_rsi_to_sl_error_code
                0x08208868       0x58 ./wiseconnect3_sdk_3.5.2/components/device/silabs/si91x/mcu/drivers/service/clock_manager/src/sl_si91x_clock_manager.o
 .text.RSI_CLK_IntfPLLTurnOn.isra.0
                0x082088c0        0xc ./wiseconnect3_sdk_3.5.2/components/device/silabs/si91x/mcu/drivers/service/clock_manager/src/sl_si91x_clock_manager.o
 .text.RSI_CLK_I2sPllTurnOn.isra.0
                0x082088cc        0xc ./wiseconnect3_sdk_3.5.2/components/device/silabs/si91x/mcu/drivers/service/clock_manager/src/sl_si91x_clock_manager.o
 .text.RSI_CLK_SocPllTurnOn.isra.0
                0x082088d8        0xc ./wiseconnect3_sdk_3.5.2/components/device/silabs/si91x/mcu/drivers/service/clock_manager/src/sl_si91x_clock_manager.o
 .text.sl_si91x_clock_manager_set_pll_freq
                0x082088e4      0x150 ./wiseconnect3_sdk_3.5.2/components/device/silabs/si91x/mcu/drivers/service/clock_manager/src/sl_si91x_clock_manager.o
                0x082088e4                sl_si91x_clock_manager_set_pll_freq
 .text.sl_si91x_clock_manager_m4_set_core_clk.part.0
                0x08208a34       0x8c ./wiseconnect3_sdk_3.5.2/components/device/silabs/si91x/mcu/drivers/service/clock_manager/src/sl_si91x_clock_manager.o
 .text.sl_si91x_clock_manager_init
                0x08208ac0       0x2c ./wiseconnect3_sdk_3.5.2/components/device/silabs/si91x/mcu/drivers/service/clock_manager/src/sl_si91x_clock_manager.o
                0x08208ac0                sl_si91x_clock_manager_init
 .text.RSI_BOD_IntrClr
                0x08208aec       0x1c ./wiseconnect3_sdk_3.5.2/components/device/silabs/si91x/mcu/drivers/systemlevel/src/rsi_bod.o
                0x08208aec                RSI_BOD_IntrClr
 .text.RSI_BOD_SoftTriggerGetBatteryStatus
                0x08208b08       0xc8 ./wiseconnect3_sdk_3.5.2/components/device/silabs/si91x/mcu/drivers/systemlevel/src/rsi_bod.o
                0x08208b08                RSI_BOD_SoftTriggerGetBatteryStatus
 .text.RSI_IPMU_UpdateIpmuCalibData_efuse
                0x08208bd0      0x300 ./wiseconnect3_sdk_3.5.2/components/device/silabs/si91x/mcu/drivers/systemlevel/src/rsi_ipmu.o
                0x08208bd0                RSI_IPMU_UpdateIpmuCalibData_efuse
 .text.RSI_Ipmu_Init
                0x08208ed0        0x4 ./wiseconnect3_sdk_3.5.2/components/device/silabs/si91x/mcu/drivers/systemlevel/src/rsi_ipmu.o
                0x08208ed0                RSI_Ipmu_Init
 .text.RSI_Configure_Ipmu_Mode
                0x08208ed4       0x74 ./wiseconnect3_sdk_3.5.2/components/device/silabs/si91x/mcu/drivers/systemlevel/src/rsi_ipmu.o
                0x08208ed4                RSI_Configure_Ipmu_Mode
 .text.RSI_IPMU_PowerGateSet
                0x08208f48       0x34 ./wiseconnect3_sdk_3.5.2/components/device/silabs/si91x/mcu/drivers/systemlevel/src/rsi_ipmu.o
                0x08208f48                RSI_IPMU_PowerGateSet
 .text.RSI_IPMU_PowerGateClr
                0x08208f7c       0x4c ./wiseconnect3_sdk_3.5.2/components/device/silabs/si91x/mcu/drivers/systemlevel/src/rsi_ipmu.o
                0x08208f7c                RSI_IPMU_PowerGateClr
 .text.RSI_IPMU_ClockMuxSel
                0x08208fc8       0x40 ./wiseconnect3_sdk_3.5.2/components/device/silabs/si91x/mcu/drivers/systemlevel/src/rsi_ipmu.o
                0x08208fc8                RSI_IPMU_ClockMuxSel
 .text.RSI_IPMU_ProgramConfigData
                0x08209008       0x6e ./wiseconnect3_sdk_3.5.2/components/device/silabs/si91x/mcu/drivers/systemlevel/src/rsi_ipmu.o
                0x08209008                RSI_IPMU_ProgramConfigData
 .text.RSI_APB_ProgramConfigData
                0x08209076       0x4a ./wiseconnect3_sdk_3.5.2/components/device/silabs/si91x/mcu/drivers/systemlevel/src/rsi_ipmu.o
                0x08209076                RSI_APB_ProgramConfigData
 .text.RSI_IPMU_Retn_Voltage_To_Default
                0x082090c0       0x10 ./wiseconnect3_sdk_3.5.2/components/device/silabs/si91x/mcu/drivers/systemlevel/src/rsi_ipmu.o
                0x082090c0                RSI_IPMU_Retn_Voltage_To_Default
 .text.RSI_IPMU_Set_Higher_Pwm_Ro_Frequency_Mode_to_PMU
                0x082090d0       0x14 ./wiseconnect3_sdk_3.5.2/components/device/silabs/si91x/mcu/drivers/systemlevel/src/rsi_ipmu.o
                0x082090d0                RSI_IPMU_Set_Higher_Pwm_Ro_Frequency_Mode_to_PMU
 .text.RSI_IPMU_M32rc_OscTrimEfuse
                0x082090e4       0x28 ./wiseconnect3_sdk_3.5.2/components/device/silabs/si91x/mcu/drivers/systemlevel/src/rsi_ipmu.o
                0x082090e4                RSI_IPMU_M32rc_OscTrimEfuse
 .text.RSI_IPMU_DBLR32M_TrimEfuse
                0x0820910c       0x18 ./wiseconnect3_sdk_3.5.2/components/device/silabs/si91x/mcu/drivers/systemlevel/src/rsi_ipmu.o
                0x0820910c                RSI_IPMU_DBLR32M_TrimEfuse
 .text.RSI_IPMU_M20roOsc_TrimEfuse
                0x08209124       0x28 ./wiseconnect3_sdk_3.5.2/components/device/silabs/si91x/mcu/drivers/systemlevel/src/rsi_ipmu.o
                0x08209124                RSI_IPMU_M20roOsc_TrimEfuse
 .text.RSI_IPMU_RO32khz_TrimEfuse
                0x0820914c       0x18 ./wiseconnect3_sdk_3.5.2/components/device/silabs/si91x/mcu/drivers/systemlevel/src/rsi_ipmu.o
                0x0820914c                RSI_IPMU_RO32khz_TrimEfuse
 .text.RSI_IPMU_RC32khz_TrimEfuse
                0x08209164       0x18 ./wiseconnect3_sdk_3.5.2/components/device/silabs/si91x/mcu/drivers/systemlevel/src/rsi_ipmu.o
                0x08209164                RSI_IPMU_RC32khz_TrimEfuse
 .text.RSI_IPMU_Vbg_Tsbjt_Efuse
                0x0820917c        0xc ./wiseconnect3_sdk_3.5.2/components/device/silabs/si91x/mcu/drivers/systemlevel/src/rsi_ipmu.o
                0x0820917c                RSI_IPMU_Vbg_Tsbjt_Efuse
 .text.RSI_IPMU_Auxadcoff_DiffEfuse
                0x08209188        0xc ./wiseconnect3_sdk_3.5.2/components/device/silabs/si91x/mcu/drivers/systemlevel/src/rsi_ipmu.o
                0x08209188                RSI_IPMU_Auxadcoff_DiffEfuse
 .text.RSI_IPMU_Auxadcgain_DiffEfuse
                0x08209194        0xc ./wiseconnect3_sdk_3.5.2/components/device/silabs/si91x/mcu/drivers/systemlevel/src/rsi_ipmu.o
                0x08209194                RSI_IPMU_Auxadcgain_DiffEfuse
 .text.RSI_IPMU_Auxadcoff_SeEfuse
                0x082091a0        0xc ./wiseconnect3_sdk_3.5.2/components/device/silabs/si91x/mcu/drivers/systemlevel/src/rsi_ipmu.o
                0x082091a0                RSI_IPMU_Auxadcoff_SeEfuse
 .text.RSI_IPMU_Auxadcgain_SeEfuse
                0x082091ac        0xc ./wiseconnect3_sdk_3.5.2/components/device/silabs/si91x/mcu/drivers/systemlevel/src/rsi_ipmu.o
                0x082091ac                RSI_IPMU_Auxadcgain_SeEfuse
 .text.RSI_IPMU_Delvbe_Tsbjt_Efuse
                0x082091b8        0xc ./wiseconnect3_sdk_3.5.2/components/device/silabs/si91x/mcu/drivers/systemlevel/src/rsi_ipmu.o
                0x082091b8                RSI_IPMU_Delvbe_Tsbjt_Efuse
 .text._usdelay
                0x082091c4        0x6 ./wiseconnect3_sdk_3.5.2/components/device/silabs/si91x/mcu/drivers/systemlevel/src/rsi_pll.o
 *fill*         0x082091ca        0x2 
 .text.clk_m4_soc_clk_config
                0x082091cc       0xc8 ./wiseconnect3_sdk_3.5.2/components/device/silabs/si91x/mcu/drivers/systemlevel/src/rsi_pll.o
                0x082091cc                clk_m4_soc_clk_config
 .text.ulpss_enable_ref_clks
                0x08209294       0xf8 ./wiseconnect3_sdk_3.5.2/components/device/silabs/si91x/mcu/drivers/systemlevel/src/rsi_pll.o
                0x08209294                ulpss_enable_ref_clks
 .text.clk_m4ss_ref_clk_config
                0x0820938c       0xcc ./wiseconnect3_sdk_3.5.2/components/device/silabs/si91x/mcu/drivers/systemlevel/src/rsi_pll.o
                0x0820938c                clk_m4ss_ref_clk_config
 .text.ulpss_ref_clk_config
                0x08209458       0xbc ./wiseconnect3_sdk_3.5.2/components/device/silabs/si91x/mcu/drivers/systemlevel/src/rsi_ulpss_clk.o
                0x08209458                ulpss_ref_clk_config
 .text.convert_rsi_to_sl_error_code
                0x08209514       0x58 ./wiseconnect3_sdk_3.5.2/components/device/silabs/si91x/mcu/drivers/unified_api/src/sl_si91x_adc.o
 .text.validate_adc_parameters
                0x0820956c       0x18 ./wiseconnect3_sdk_3.5.2/components/device/silabs/si91x/mcu/drivers/unified_api/src/sl_si91x_adc.o
 .text.validate_adc_channel_parameters
                0x08209584       0xa4 ./wiseconnect3_sdk_3.5.2/components/device/silabs/si91x/mcu/drivers/unified_api/src/sl_si91x_adc.o
 .text.callback_event_handler
                0x08209628       0x14 ./wiseconnect3_sdk_3.5.2/components/device/silabs/si91x/mcu/drivers/unified_api/src/sl_si91x_adc.o
 .text.sl_si91x_adc_get_chip_voltage
                0x0820963c       0x34 ./wiseconnect3_sdk_3.5.2/components/device/silabs/si91x/mcu/drivers/unified_api/src/sl_si91x_adc.o
                0x0820963c                sl_si91x_adc_get_chip_voltage
 .text.sl_si91x_adc_init
                0x08209670       0xfc ./wiseconnect3_sdk_3.5.2/components/device/silabs/si91x/mcu/drivers/unified_api/src/sl_si91x_adc.o
                0x08209670                sl_si91x_adc_init
 .text.sl_si91x_adc_set_channel_configuration
                0x0820976c       0x70 ./wiseconnect3_sdk_3.5.2/components/device/silabs/si91x/mcu/drivers/unified_api/src/sl_si91x_adc.o
                0x0820976c                sl_si91x_adc_set_channel_configuration
 .text.sl_si91x_adc_register_event_callback
                0x082097dc       0x1c ./wiseconnect3_sdk_3.5.2/components/device/silabs/si91x/mcu/drivers/unified_api/src/sl_si91x_adc.o
                0x082097dc                sl_si91x_adc_register_event_callback
 .text.sl_si91x_adc_temperature_sensor_enable
                0x082097f8       0x14 ./wiseconnect3_sdk_3.5.2/components/device/silabs/si91x/mcu/drivers/unified_api/src/sl_si91x_adc.o
                0x082097f8                sl_si91x_adc_temperature_sensor_enable
 .text.sl_si91x_adc_start
                0x0820980c       0x1e ./wiseconnect3_sdk_3.5.2/components/device/silabs/si91x/mcu/drivers/unified_api/src/sl_si91x_adc.o
                0x0820980c                sl_si91x_adc_start
 .text.sl_si91x_adc_stop
                0x0820982a       0x1e ./wiseconnect3_sdk_3.5.2/components/device/silabs/si91x/mcu/drivers/unified_api/src/sl_si91x_adc.o
                0x0820982a                sl_si91x_adc_stop
 .text.sl_si91x_adc_deinit
                0x08209848       0x28 ./wiseconnect3_sdk_3.5.2/components/device/silabs/si91x/mcu/drivers/unified_api/src/sl_si91x_adc.o
                0x08209848                sl_si91x_adc_deinit
 .text.callback_event
                0x08209870       0x10 ./wiseconnect3_sdk_3.5.2/components/device/silabs/si91x/mcu/drivers/unified_api/src/sl_si91x_bjt_temperature_sensor.o
 .text.validate_bjt_channel_parameters
                0x08209880       0x28 ./wiseconnect3_sdk_3.5.2/components/device/silabs/si91x/mcu/drivers/unified_api/src/sl_si91x_bjt_temperature_sensor.o
 .text.sl_si91x_bjt_temperature_sensor_init
                0x082098a8       0x8c ./wiseconnect3_sdk_3.5.2/components/device/silabs/si91x/mcu/drivers/unified_api/src/sl_si91x_bjt_temperature_sensor.o
                0x082098a8                sl_si91x_bjt_temperature_sensor_init
 .text.sl_si91x_bjt_temperature_sensor_bg_set_channel_configuration
                0x08209934       0x68 ./wiseconnect3_sdk_3.5.2/components/device/silabs/si91x/mcu/drivers/unified_api/src/sl_si91x_bjt_temperature_sensor.o
                0x08209934                sl_si91x_bjt_temperature_sensor_bg_set_channel_configuration
 .text.sl_si91x_bjt_temperature_sensor_set_channel_configuration
                0x0820999c       0x4c ./wiseconnect3_sdk_3.5.2/components/device/silabs/si91x/mcu/drivers/unified_api/src/sl_si91x_bjt_temperature_sensor.o
                0x0820999c                sl_si91x_bjt_temperature_sensor_set_channel_configuration
 .text.sl_si91x_bjt_temperature_sensor_read_data
                0x082099e8      0x160 ./wiseconnect3_sdk_3.5.2/components/device/silabs/si91x/mcu/drivers/unified_api/src/sl_si91x_bjt_temperature_sensor.o
                0x082099e8                sl_si91x_bjt_temperature_sensor_read_data
 .text.sl_si91x_bjt_temperature_sensor_deinit
                0x08209b48       0x44 ./wiseconnect3_sdk_3.5.2/components/device/silabs/si91x/mcu/drivers/unified_api/src/sl_si91x_bjt_temperature_sensor.o
                0x08209b48                sl_si91x_bjt_temperature_sensor_deinit
 .text.sl_si91x_dma_init
                0x08209b8c       0x70 ./wiseconnect3_sdk_3.5.2/components/device/silabs/si91x/mcu/drivers/unified_api/src/sl_si91x_dma.o
                0x08209b8c                sl_si91x_dma_init
 .text.sl_si91x_dma_allocate_channel
                0x08209bfc       0xdc ./wiseconnect3_sdk_3.5.2/components/device/silabs/si91x/mcu/drivers/unified_api/src/sl_si91x_dma.o
                0x08209bfc                sl_si91x_dma_allocate_channel
 .text.sl_si91x_dma_register_callbacks
                0x08209cd8       0x5c ./wiseconnect3_sdk_3.5.2/components/device/silabs/si91x/mcu/drivers/unified_api/src/sl_si91x_dma.o
                0x08209cd8                sl_si91x_dma_register_callbacks
 .text.sl_si91x_dma_unregister_callbacks
                0x08209d34       0x88 ./wiseconnect3_sdk_3.5.2/components/device/silabs/si91x/mcu/drivers/unified_api/src/sl_si91x_dma.o
                0x08209d34                sl_si91x_dma_unregister_callbacks
 .text.sli_mv_m4_app_from_flash_to_ram
                0x08209dbc       0x50 ./wiseconnect3_sdk_3.5.2/components/device/silabs/si91x/wireless/ahb_interface/src/rsi_hal_mcu_m4_ram.o
                0x08209dbc                sli_mv_m4_app_from_flash_to_ram
 .text.sli_si91x_raise_pkt_pending_interrupt_to_ta
                0x08209e0c       0x20 ./wiseconnect3_sdk_3.5.2/components/device/silabs/si91x/wireless/ahb_interface/src/rsi_hal_mcu_m4_rom.o
                0x08209e0c                sli_si91x_raise_pkt_pending_interrupt_to_ta
 .text.raise_m4_to_ta_interrupt
                0x08209e2c        0xc ./wiseconnect3_sdk_3.5.2/components/device/silabs/si91x/wireless/ahb_interface/src/rsi_hal_mcu_m4_rom.o
                0x08209e2c                raise_m4_to_ta_interrupt
 .text.mask_ta_interrupt
                0x08209e38        0xc ./wiseconnect3_sdk_3.5.2/components/device/silabs/si91x/wireless/ahb_interface/src/rsi_hal_mcu_m4_rom.o
                0x08209e38                mask_ta_interrupt
 .text.sli_receive_from_ta_done_isr
                0x08209e44       0x24 ./wiseconnect3_sdk_3.5.2/components/device/silabs/si91x/wireless/ahb_interface/src/rsi_hal_mcu_m4_rom.o
                0x08209e44                sli_receive_from_ta_done_isr
 .text.sli_m4_interrupt_isr
                0x08209e68       0xc4 ./wiseconnect3_sdk_3.5.2/components/device/silabs/si91x/wireless/ahb_interface/src/rsi_hal_mcu_m4_rom.o
                0x08209e68                sli_m4_interrupt_isr
 .text.sli_si91x_bus_read_interrupt_status
                0x08209f2c       0x10 ./wiseconnect3_sdk_3.5.2/components/device/silabs/si91x/wireless/ahb_interface/src/rsi_hal_mcu_m4_rom.o
                0x08209f2c                sli_si91x_bus_read_interrupt_status
 .text.sli_si91x_req_wakeup
                0x08209f3c       0x20 ./wiseconnect3_sdk_3.5.2/components/device/silabs/si91x/wireless/ahb_interface/src/rsi_hal_mcu_m4_rom.o
                0x08209f3c                sli_si91x_req_wakeup
 .text.sl_si91x_host_clear_sleep_indicator
                0x08209f5c       0x14 ./wiseconnect3_sdk_3.5.2/components/device/silabs/si91x/wireless/ahb_interface/src/rsi_hal_mcu_m4_rom.o
                0x08209f5c                sl_si91x_host_clear_sleep_indicator
 .text.sli_si91x_raise_xtal_interrupt_to_ta
                0x08209f70       0x38 ./wiseconnect3_sdk_3.5.2/components/device/silabs/si91x/wireless/ahb_interface/src/rsi_hal_mcu_m4_rom.o
                0x08209f70                sli_si91x_raise_xtal_interrupt_to_ta
 .text.sli_si91x_xtal_turn_on_request_from_m4_to_TA
                0x08209fa8       0x58 ./wiseconnect3_sdk_3.5.2/components/device/silabs/si91x/wireless/ahb_interface/src/rsi_hal_mcu_m4_rom.o
                0x08209fa8                sli_si91x_xtal_turn_on_request_from_m4_to_TA
 .text.sli_si91x_send_m4_xtal_usage_notification_to_ta
                0x0820a000       0x24 ./wiseconnect3_sdk_3.5.2/components/device/silabs/si91x/wireless/ahb_interface/src/rsi_hal_mcu_m4_rom.o
                0x0820a000                sli_si91x_send_m4_xtal_usage_notification_to_ta
 .text.IRQ074_Handler
                0x0820a024        0x4 ./wiseconnect3_sdk_3.5.2/components/device/silabs/si91x/wireless/ahb_interface/src/rsi_hal_mcu_m4_rom.o
                0x0820a024                IRQ074_Handler
 .text.sli_si91x_ta_events_init
                0x0820a028       0x14 ./wiseconnect3_sdk_3.5.2/components/device/silabs/si91x/wireless/ahb_interface/src/rsi_hal_mcu_m4_rom.o
                0x0820a028                sli_si91x_ta_events_init
 .text.sli_si91x_platform_init
                0x0820a03c       0x78 ./wiseconnect3_sdk_3.5.2/components/device/silabs/si91x/wireless/ahb_interface/src/sl_platform.o
                0x0820a03c                sli_si91x_platform_init
 .text.sli_si91x_bootup_firmware
                0x0820a0b4       0x9c ./wiseconnect3_sdk_3.5.2/components/device/silabs/si91x/wireless/ahb_interface/src/sl_platform.o
                0x0820a0b4                sli_si91x_bootup_firmware
 .text.sli_si91x_configure_wireless_frontend_controls
                0x0820a150       0x44 ./wiseconnect3_sdk_3.5.2/components/device/silabs/si91x/wireless/ahb_interface/src/sl_platform_wireless.o
                0x0820a150                sli_si91x_configure_wireless_frontend_controls
 .text.sl_si91x_bus_init
                0x0820a194       0x1c ./wiseconnect3_sdk_3.5.2/components/device/silabs/si91x/wireless/ahb_interface/src/sl_si91x_bus.o
                0x0820a194                sl_si91x_bus_init
 .text.sli_si91x_submit_rx_pkt
                0x0820a1b0       0x84 ./wiseconnect3_sdk_3.5.2/components/device/silabs/si91x/wireless/ahb_interface/src/sl_si91x_bus.o
                0x0820a1b0                sli_si91x_submit_rx_pkt
 .text.sli_si91x_bus_read_frame
                0x0820a234        0xc ./wiseconnect3_sdk_3.5.2/components/device/silabs/si91x/wireless/ahb_interface/src/sl_si91x_bus.o
                0x0820a234                sli_si91x_bus_read_frame
 .text.sli_si91x_bus_write_frame
                0x0820a240       0x24 ./wiseconnect3_sdk_3.5.2/components/device/silabs/si91x/wireless/ahb_interface/src/sl_si91x_bus.o
                0x0820a240                sli_si91x_bus_write_frame
 .text.sli_submit_rx_buffer
                0x0820a264       0x16 ./wiseconnect3_sdk_3.5.2/components/device/silabs/si91x/wireless/ahb_interface/src/sl_si91x_bus.o
                0x0820a264                sli_submit_rx_buffer
 *fill*         0x0820a27a        0x2 
 .text.rsi_update_tx_dma_desc
                0x0820a27c       0x28 ./wiseconnect3_sdk_3.5.2/components/device/silabs/si91x/wireless/ahb_interface/src/sl_si91x_bus.o
                0x0820a27c                rsi_update_tx_dma_desc
 .text.rsi_update_rx_dma_desc
                0x0820a2a4       0x10 ./wiseconnect3_sdk_3.5.2/components/device/silabs/si91x/wireless/ahb_interface/src/sl_si91x_bus.o
                0x0820a2a4                rsi_update_rx_dma_desc
 .text.sli_si91x_config_m4_dma_desc_on_reset
                0x0820a2b4       0x48 ./wiseconnect3_sdk_3.5.2/components/device/silabs/si91x/wireless/ahb_interface/src/sl_si91x_bus.o
                0x0820a2b4                sli_si91x_config_m4_dma_desc_on_reset
 .text.rsi_waitfor_boardready
                0x0820a2fc       0x44 ./wiseconnect3_sdk_3.5.2/components/device/silabs/si91x/wireless/ahb_interface/src/sli_siwx917_soc.o
                0x0820a2fc                rsi_waitfor_boardready
 .text.rsi_select_option
                0x0820a340       0x94 ./wiseconnect3_sdk_3.5.2/components/device/silabs/si91x/wireless/ahb_interface/src/sli_siwx917_soc.o
                0x0820a340                rsi_select_option
 .text.unmask_ta_interrupt
                0x0820a3d4        0xc ./wiseconnect3_sdk_3.5.2/components/device/silabs/si91x/wireless/ahb_interface/src/sli_siwx917_soc.o
                0x0820a3d4                unmask_ta_interrupt
 .text.sli_m4_ta_interrupt_init
                0x0820a3e0       0x2c ./wiseconnect3_sdk_3.5.2/components/device/silabs/si91x/wireless/ahb_interface/src/sli_siwx917_soc.o
                0x0820a3e0                sli_m4_ta_interrupt_init
 .text.sl_si91x_accept_async
                0x0820a40c        0xa ./wiseconnect3_sdk_3.5.2/components/device/silabs/si91x/wireless/asynchronous_socket/src/sl_si91x_socket.o
                0x0820a40c                sl_si91x_accept_async
 *fill*         0x0820a416        0x2 
 .text.sl_si91x_setsockopt
                0x0820a418      0x1cc ./wiseconnect3_sdk_3.5.2/components/device/silabs/si91x/wireless/asynchronous_socket/src/sl_si91x_socket.o
                0x0820a418                sl_si91x_setsockopt
 .text.sl_si91x_errno
                0x0820a5e4       0x1c ./wiseconnect3_sdk_3.5.2/components/device/silabs/si91x/wireless/errno/src/sl_si91x_errno.o
                0x0820a5e4                sl_si91x_errno
 .text.sli_si91x_bus_rx_irq_handler
                0x0820a600        0x4 ./wiseconnect3_sdk_3.5.2/components/device/silabs/si91x/wireless/host_mcu/si91x/siwx917_soc_ncp_host.o
                0x0820a600                sli_si91x_bus_rx_irq_handler
 .text.sli_si91x_bus_rx_done_handler
                0x0820a604        0x2 ./wiseconnect3_sdk_3.5.2/components/device/silabs/si91x/wireless/host_mcu/si91x/siwx917_soc_ncp_host.o
                0x0820a604                sli_si91x_bus_rx_done_handler
 .text.sl_si91x_host_init
                0x0820a606        0xa ./wiseconnect3_sdk_3.5.2/components/device/silabs/si91x/wireless/host_mcu/si91x/siwx917_soc_ncp_host.o
                0x0820a606                sl_si91x_host_init
 .text.sl_si91x_host_deinit
                0x0820a610        0x4 ./wiseconnect3_sdk_3.5.2/components/device/silabs/si91x/wireless/host_mcu/si91x/siwx917_soc_ncp_host.o
                0x0820a610                sl_si91x_host_deinit
 .text.sl_si91x_host_hold_in_reset
                0x0820a614        0x2 ./wiseconnect3_sdk_3.5.2/components/device/silabs/si91x/wireless/host_mcu/si91x/siwx917_soc_ncp_host.o
                0x0820a614                sl_si91x_host_hold_in_reset
 .text.sl_si91x_host_release_from_reset
                0x0820a616        0x2 ./wiseconnect3_sdk_3.5.2/components/device/silabs/si91x/wireless/host_mcu/si91x/siwx917_soc_ncp_host.o
                0x0820a616                sl_si91x_host_release_from_reset
 .text.sl_si91x_host_enable_bus_interrupt
                0x0820a618        0x2 ./wiseconnect3_sdk_3.5.2/components/device/silabs/si91x/wireless/host_mcu/si91x/siwx917_soc_ncp_host.o
                0x0820a618                sl_si91x_host_enable_bus_interrupt
 .text.sl_si91x_host_disable_bus_interrupt
                0x0820a61a        0x2 ./wiseconnect3_sdk_3.5.2/components/device/silabs/si91x/wireless/host_mcu/si91x/siwx917_soc_ncp_host.o
                0x0820a61a                sl_si91x_host_disable_bus_interrupt
 .text.sl_si91x_host_is_in_irq_context
                0x0820a61c       0x14 ./wiseconnect3_sdk_3.5.2/components/device/silabs/si91x/wireless/host_mcu/si91x/siwx917_soc_ncp_host.o
                0x0820a61c                sl_si91x_host_is_in_irq_context
 .text.sli_si91x_host_init_buffer_manager
                0x0820a630       0xa8 ./wiseconnect3_sdk_3.5.2/components/device/silabs/si91x/wireless/memory/mem_pool_buffer_quota.o
                0x0820a630                sli_si91x_host_init_buffer_manager
 .text.sli_si91x_host_deinit_buffer_manager
                0x0820a6d8       0x80 ./wiseconnect3_sdk_3.5.2/components/device/silabs/si91x/wireless/memory/mem_pool_buffer_quota.o
                0x0820a6d8                sli_si91x_host_deinit_buffer_manager
 .text.sli_si91x_host_allocate_buffer
                0x0820a758       0x98 ./wiseconnect3_sdk_3.5.2/components/device/silabs/si91x/wireless/memory/mem_pool_buffer_quota.o
                0x0820a758                sli_si91x_host_allocate_buffer
 .text.sl_si91x_host_get_buffer_data
                0x0820a7f0       0x16 ./wiseconnect3_sdk_3.5.2/components/device/silabs/si91x/wireless/memory/mem_pool_buffer_quota.o
                0x0820a7f0                sl_si91x_host_get_buffer_data
 *fill*         0x0820a806        0x2 
 .text.sli_si91x_host_free_buffer
                0x0820a808       0x30 ./wiseconnect3_sdk_3.5.2/components/device/silabs/si91x/wireless/memory/mem_pool_buffer_quota.o
                0x0820a808                sli_si91x_host_free_buffer
 .text.sli_convert_si91x_dns_response
                0x0820a838       0x2a ./wiseconnect3_sdk_3.5.2/components/device/silabs/si91x/wireless/sl_net/src/sl_net_rsi_utility.o
                0x0820a838                sli_convert_si91x_dns_response
 .text.sli_convert_si91x_event_to_sl_net_event
                0x0820a862       0x40 ./wiseconnect3_sdk_3.5.2/components/device/silabs/si91x/wireless/sl_net/src/sl_net_rsi_utility.o
                0x0820a862                sli_convert_si91x_event_to_sl_net_event
 .text.sli_wifi_is_ip_address_zero
                0x0820a8a2       0x30 ./wiseconnect3_sdk_3.5.2/components/device/silabs/si91x/wireless/sl_net/src/sl_net_rsi_utility.o
                0x0820a8a2                sli_wifi_is_ip_address_zero
 *fill*         0x0820a8d2        0x2 
 .text.sl_net_wifi_client_init
                0x0820a8d4       0x1c ./wiseconnect3_sdk_3.5.2/components/device/silabs/si91x/wireless/sl_net/src/sl_net_si91x.o
                0x0820a8d4                sl_net_wifi_client_init
 .text.sl_net_wifi_client_deinit
                0x0820a8f0        0xe ./wiseconnect3_sdk_3.5.2/components/device/silabs/si91x/wireless/sl_net/src/sl_net_si91x.o
                0x0820a8f0                sl_net_wifi_client_deinit
 *fill*         0x0820a8fe        0x2 
 .text.sl_net_wifi_client_up
                0x0820a900       0x94 ./wiseconnect3_sdk_3.5.2/components/device/silabs/si91x/wireless/sl_net/src/sl_net_si91x.o
                0x0820a900                sl_net_wifi_client_up
 .text.sl_net_wifi_ap_init
                0x0820a994        0x4 ./wiseconnect3_sdk_3.5.2/components/device/silabs/si91x/wireless/sl_net/src/sl_net_si91x.o
                0x0820a994                sl_net_wifi_ap_init
 .text.sl_net_wifi_ap_deinit
                0x0820a998        0x4 ./wiseconnect3_sdk_3.5.2/components/device/silabs/si91x/wireless/sl_net/src/sl_net_si91x.o
                0x0820a998                sl_net_wifi_ap_deinit
 .text.sl_net_wifi_ap_up
                0x0820a99c       0x88 ./wiseconnect3_sdk_3.5.2/components/device/silabs/si91x/wireless/sl_net/src/sl_net_si91x.o
                0x0820a99c                sl_net_wifi_ap_up
 .text.sl_si91x_default_handler